Archive member included to satisfy reference by file (symbol)

/home/uzair/mgc/embedded/codebench/bin/../arm-none-linux-gnueabi/libc/usr/lib/libc_nonshared.a(elf-init.oS)
                              /home/uzair/mgc/embedded/codebench/bin/../arm-none-linux-gnueabi/libc/usr/lib/crt1.o (__libc_csu_init)

As-needed library included to satisfy reference by file (symbol)

libgcc_s.so.1                 /home/uzair/mgc/embedded/codebench/bin/../lib/gcc/arm-none-linux-gnueabi/4.9.1/crtbegin.o (__aeabi_unwind_cpp_pr0@@GCC_3.5)

Discarded input sections

 .note.GNU-stack
                0x00000000        0x0 /home/uzair/mgc/embedded/codebench/bin/../arm-none-linux-gnueabi/libc/usr/lib/crt1.o
 .note.GNU-stack
                0x00000000        0x0 /home/uzair/mgc/embedded/codebench/bin/../arm-none-linux-gnueabi/libc/usr/lib/crti.o
 .note.GNU-stack
                0x00000000        0x0 /home/uzair/mgc/embedded/codebench/bin/../lib/gcc/arm-none-linux-gnueabi/4.9.1/crtbegin.o
 .group         0x00000000        0x8 /home/uzair/huawei_workspace/projects_repo/sourcery_workspace/helloworld/Debug/main.o
 .group         0x00000000        0x8 /home/uzair/huawei_workspace/projects_repo/sourcery_workspace/helloworld/Debug/main.o
 .group         0x00000000        0x8 /home/uzair/huawei_workspace/projects_repo/sourcery_workspace/helloworld/Debug/main.o
 .group         0x00000000        0x8 /home/uzair/huawei_workspace/projects_repo/sourcery_workspace/helloworld/Debug/main.o
 .group         0x00000000        0x8 /home/uzair/huawei_workspace/projects_repo/sourcery_workspace/helloworld/Debug/main.o
 .group         0x00000000        0x8 /home/uzair/huawei_workspace/projects_repo/sourcery_workspace/helloworld/Debug/main.o
 .group         0x00000000        0x8 /home/uzair/huawei_workspace/projects_repo/sourcery_workspace/helloworld/Debug/main.o
 .group         0x00000000        0x8 /home/uzair/huawei_workspace/projects_repo/sourcery_workspace/helloworld/Debug/main.o
 .group         0x00000000        0x8 /home/uzair/huawei_workspace/projects_repo/sourcery_workspace/helloworld/Debug/main.o
 .group         0x00000000        0x8 /home/uzair/huawei_workspace/projects_repo/sourcery_workspace/helloworld/Debug/main.o
 .group         0x00000000        0x8 /home/uzair/huawei_workspace/projects_repo/sourcery_workspace/helloworld/Debug/main.o
 .group         0x00000000        0x8 /home/uzair/huawei_workspace/projects_repo/sourcery_workspace/helloworld/Debug/main.o
 .group         0x00000000        0x8 /home/uzair/huawei_workspace/projects_repo/sourcery_workspace/helloworld/Debug/main.o
 .group         0x00000000        0x8 /home/uzair/huawei_workspace/projects_repo/sourcery_workspace/helloworld/Debug/main.o
 .group         0x00000000        0x8 /home/uzair/huawei_workspace/projects_repo/sourcery_workspace/helloworld/Debug/main.o
 .group         0x00000000        0x8 /home/uzair/huawei_workspace/projects_repo/sourcery_workspace/helloworld/Debug/main.o
 .group         0x00000000        0x8 /home/uzair/huawei_workspace/projects_repo/sourcery_workspace/helloworld/Debug/main.o
 .group         0x00000000        0x8 /home/uzair/huawei_workspace/projects_repo/sourcery_workspace/helloworld/Debug/main.o
 .group         0x00000000        0x8 /home/uzair/huawei_workspace/projects_repo/sourcery_workspace/helloworld/Debug/main.o
 .group         0x00000000        0x8 /home/uzair/huawei_workspace/projects_repo/sourcery_workspace/helloworld/Debug/main.o
 .group         0x00000000        0x8 /home/uzair/huawei_workspace/projects_repo/sourcery_workspace/helloworld/Debug/main.o
 .note.GNU-stack
                0x00000000        0x0 /home/uzair/huawei_workspace/projects_repo/sourcery_workspace/helloworld/Debug/main.o
 .note.GNU-stack
                0x00000000        0x0 /home/uzair/mgc/embedded/codebench/bin/../arm-none-linux-gnueabi/libc/usr/lib/libc_nonshared.a(elf-init.oS)
 .note.GNU-stack
                0x00000000        0x0 /home/uzair/mgc/embedded/codebench/bin/../lib/gcc/arm-none-linux-gnueabi/4.9.1/crtend.o
 .note.GNU-stack
                0x00000000        0x0 /home/uzair/mgc/embedded/codebench/bin/../arm-none-linux-gnueabi/libc/usr/lib/crtn.o

Memory Configuration

Name             Origin             Length             Attributes
*default*        0x00000000         0xffffffff

Linker script and memory map

LOAD /home/uzair/mgc/embedded/codebench/bin/../arm-none-linux-gnueabi/libc/usr/lib/crt1.o
LOAD /home/uzair/mgc/embedded/codebench/bin/../arm-none-linux-gnueabi/libc/usr/lib/crti.o
LOAD /home/uzair/mgc/embedded/codebench/bin/../lib/gcc/arm-none-linux-gnueabi/4.9.1/crtbegin.o
LOAD /home/uzair/huawei_workspace/projects_repo/sourcery_workspace/helloworld/Debug/main.o
LOAD /home/uzair/mgc/embedded/codebench/bin/../lib/gcc/arm-none-linux-gnueabi/4.9.1/libgcc.a
LOAD /home/uzair/mgc/embedded/codebench/bin/../arm-none-linux-gnueabi/libc/lib/libgcc_s.so
START GROUP
LOAD /home/uzair/mgc/embedded/codebench/bin/../arm-none-linux-gnueabi/libc/lib/libgcc_s.so.1
LOAD /home/uzair/mgc/embedded/codebench/bin/../lib/gcc/arm-none-linux-gnueabi/4.9.1/libgcc.a
END GROUP
LOAD /home/uzair/mgc/embedded/codebench/bin/../arm-none-linux-gnueabi/libc/usr/lib/libc.so
START GROUP
LOAD /home/uzair/mgc/embedded/codebench/bin/../arm-none-linux-gnueabi/libc/lib/libc.so.6
LOAD /home/uzair/mgc/embedded/codebench/bin/../arm-none-linux-gnueabi/libc/usr/lib/libc_nonshared.a
LOAD /home/uzair/mgc/embedded/codebench/bin/../arm-none-linux-gnueabi/libc/lib/ld-linux.so.3
END GROUP
LOAD /home/uzair/mgc/embedded/codebench/bin/../lib/gcc/arm-none-linux-gnueabi/4.9.1/libgcc.a
LOAD /home/uzair/mgc/embedded/codebench/bin/../arm-none-linux-gnueabi/libc/lib/libgcc_s.so
START GROUP
LOAD /home/uzair/mgc/embedded/codebench/bin/../arm-none-linux-gnueabi/libc/lib/libgcc_s.so.1
LOAD /home/uzair/mgc/embedded/codebench/bin/../lib/gcc/arm-none-linux-gnueabi/4.9.1/libgcc.a
END GROUP
LOAD /home/uzair/mgc/embedded/codebench/bin/../lib/gcc/arm-none-linux-gnueabi/4.9.1/crtend.o
LOAD /home/uzair/mgc/embedded/codebench/bin/../arm-none-linux-gnueabi/libc/usr/lib/crtn.o
                0x00008000                PROVIDE (__executable_start, 0x8000)
                0x00008134                . = (0x8000 + SIZEOF_HEADERS)

.interp         0x00008134       0x13
 *(.interp)
 .interp        0x00008134       0x13 /home/uzair/mgc/embedded/codebench/bin/../arm-none-linux-gnueabi/libc/usr/lib/crt1.o

.note.ABI-tag   0x00008148       0x20
 .note.ABI-tag  0x00008148       0x20 /home/uzair/mgc/embedded/codebench/bin/../arm-none-linux-gnueabi/libc/usr/lib/crt1.o

.note.gnu.build-id
 *(.note.gnu.build-id)

.hash           0x00008168       0x3c
 *(.hash)
 .hash          0x00008168       0x3c /home/uzair/mgc/embedded/codebench/bin/../arm-none-linux-gnueabi/libc/usr/lib/crt1.o

.gnu.hash
 *(.gnu.hash)

.dynsym         0x000081a4       0xa0
 *(.dynsym)
 .dynsym        0x000081a4       0xa0 /home/uzair/mgc/embedded/codebench/bin/../arm-none-linux-gnueabi/libc/usr/lib/crt1.o

.dynstr         0x00008244       0xcf
 *(.dynstr)
 .dynstr        0x00008244       0xcf /home/uzair/mgc/embedded/codebench/bin/../arm-none-linux-gnueabi/libc/usr/lib/crt1.o

.gnu.version    0x00008314       0x14
 *(.gnu.version)
 .gnu.version   0x00008314       0x14 /home/uzair/mgc/embedded/codebench/bin/../arm-none-linux-gnueabi/libc/usr/lib/crt1.o

.gnu.version_d  0x00008328        0x0
 *(.gnu.version_d)
 .gnu.version_d
                0x00000000        0x0 /home/uzair/mgc/embedded/codebench/bin/../arm-none-linux-gnueabi/libc/usr/lib/crt1.o

.gnu.version_r  0x00008328       0x40
 *(.gnu.version_r)
 .gnu.version_r
                0x00008328       0x40 /home/uzair/mgc/embedded/codebench/bin/../arm-none-linux-gnueabi/libc/usr/lib/crt1.o

.rel.dyn        0x00008368        0x8
 *(.rel.init)
 *(.rel.text .rel.text.* .rel.gnu.linkonce.t.*)
 *(.rel.fini)
 *(.rel.rodata .rel.rodata.* .rel.gnu.linkonce.r.*)
 *(.rel.data.rel.ro .rel.data.rel.ro.* .rel.gnu.linkonce.d.rel.ro.*)
 *(.rel.data .rel.data.* .rel.gnu.linkonce.d.*)
 *(.rel.tdata .rel.tdata.* .rel.gnu.linkonce.td.*)
 *(.rel.tbss .rel.tbss.* .rel.gnu.linkonce.tb.*)
 *(.rel.ctors)
 *(.rel.dtors)
 *(.rel.got)
 .rel.got       0x00008368        0x8 /home/uzair/mgc/embedded/codebench/bin/../arm-none-linux-gnueabi/libc/usr/lib/crt1.o
 *(.rel.bss .rel.bss.* .rel.gnu.linkonce.b.*)
 .rel.bss       0x00000000        0x0 /home/uzair/mgc/embedded/codebench/bin/../arm-none-linux-gnueabi/libc/usr/lib/crt1.o
                0x00008370                PROVIDE (__rel_iplt_start, .)
 *(.rel.iplt)
 .rel.iplt      0x00000000        0x0 /home/uzair/mgc/embedded/codebench/bin/../arm-none-linux-gnueabi/libc/usr/lib/crt1.o
                0x00008370                PROVIDE (__rel_iplt_end, .)
                0x00008370                PROVIDE (__rela_iplt_start, .)
                0x00008370                PROVIDE (__rela_iplt_end, .)

.rela.dyn       0x00008370        0x0
 *(.rela.init)
 *(.rela.text .rela.text.* .rela.gnu.linkonce.t.*)
 *(.rela.fini)
 *(.rela.rodata .rela.rodata.* .rela.gnu.linkonce.r.*)
 *(.rela.data .rela.data.* .rela.gnu.linkonce.d.*)
 *(.rela.tdata .rela.tdata.* .rela.gnu.linkonce.td.*)
 *(.rela.tbss .rela.tbss.* .rela.gnu.linkonce.tb.*)
 *(.rela.ctors)
 *(.rela.dtors)
 *(.rela.got)
 *(.rela.bss .rela.bss.* .rela.gnu.linkonce.b.*)
                0x00008370                PROVIDE (__rel_iplt_start, .)
                0x00008370                PROVIDE (__rel_iplt_end, .)
                0x00008370                PROVIDE (__rela_iplt_start, .)
 *(.rela.iplt)
                0x00008370                PROVIDE (__rela_iplt_end, .)

.rel.plt        0x00008370       0x20
 *(.rel.plt)
 .rel.plt       0x00008370       0x20 /home/uzair/mgc/embedded/codebench/bin/../arm-none-linux-gnueabi/libc/usr/lib/crt1.o

.rela.plt
 *(.rela.plt)

.init           0x00008390        0xc
 *(SORT(.init))
 .init          0x00008390        0x8 /home/uzair/mgc/embedded/codebench/bin/../arm-none-linux-gnueabi/libc/usr/lib/crti.o
                0x00008390                _init
 .init          0x00008398        0x4 /home/uzair/mgc/embedded/codebench/bin/../arm-none-linux-gnueabi/libc/usr/lib/crtn.o

.plt            0x0000839c       0x44
 *(.plt)
 .plt           0x0000839c       0x44 /home/uzair/mgc/embedded/codebench/bin/../arm-none-linux-gnueabi/libc/usr/lib/crt1.o
                0x000083b0                puts@@GLIBC_2.4
                0x000083bc                __libc_start_main@@GLIBC_2.4
                0x000083d4                abort@@GLIBC_2.4

.iplt           0x000083e0        0x0
 *(.iplt)
 .iplt          0x00000000        0x0 /home/uzair/mgc/embedded/codebench/bin/../arm-none-linux-gnueabi/libc/usr/lib/crt1.o

.text           0x000083e0      0x1bc
 *(.text.unlikely .text.*_unlikely .text.unlikely.*)
 *(.text.exit .text.exit.*)
 *(.text.startup .text.startup.*)
 *(.text.hot .text.hot.*)
 *(.text .stub .text.* .gnu.linkonce.t.*)
 .text          0x000083e0       0x3c /home/uzair/mgc/embedded/codebench/bin/../arm-none-linux-gnueabi/libc/usr/lib/crt1.o
                0x000083e0                _start
 .text          0x0000841c       0x24 /home/uzair/mgc/embedded/codebench/bin/../arm-none-linux-gnueabi/libc/usr/lib/crti.o
 .text          0x00008440       0xc8 /home/uzair/mgc/embedded/codebench/bin/../lib/gcc/arm-none-linux-gnueabi/4.9.1/crtbegin.o
 .text          0x00008508       0x30 /home/uzair/huawei_workspace/projects_repo/sourcery_workspace/helloworld/Debug/main.o
                0x00008508                main
 .text          0x00008538       0x64 /home/uzair/mgc/embedded/codebench/bin/../arm-none-linux-gnueabi/libc/usr/lib/libc_nonshared.a(elf-init.oS)
                0x00008538                __libc_csu_init
                0x00008598                __libc_csu_fini
 .text          0x0000859c        0x0 /home/uzair/mgc/embedded/codebench/bin/../lib/gcc/arm-none-linux-gnueabi/4.9.1/crtend.o
 .text          0x0000859c        0x0 /home/uzair/mgc/embedded/codebench/bin/../arm-none-linux-gnueabi/libc/usr/lib/crtn.o
 *(.gnu.warning)
 *(.glue_7t)
 .glue_7t       0x00000000        0x0 linker stubs
 *(.glue_7)
 .glue_7        0x00000000        0x0 linker stubs
 *(.vfp11_veneer)
 .vfp11_veneer  0x00000000        0x0 linker stubs
 *(.v4_bx)
 .v4_bx         0x00000000        0x0 linker stubs

.fini           0x0000859c        0x8
 *(SORT(.fini))
 .fini          0x0000859c        0x4 /home/uzair/mgc/embedded/codebench/bin/../arm-none-linux-gnueabi/libc/usr/lib/crti.o
                0x0000859c                _fini
 .fini          0x000085a0        0x4 /home/uzair/mgc/embedded/codebench/bin/../arm-none-linux-gnueabi/libc/usr/lib/crtn.o
                0x000085a4                PROVIDE (__etext, .)
                0x000085a4                PROVIDE (_etext, .)
                0x000085a4                PROVIDE (etext, .)

.rodata         0x000085a4       0x1c
 *(.rodata .rodata.* .gnu.linkonce.r.*)
 .rodata.cst4   0x000085a4        0x4 /home/uzair/mgc/embedded/codebench/bin/../arm-none-linux-gnueabi/libc/usr/lib/crt1.o
                0x000085a4                _IO_stdin_used
 .rodata        0x000085a8       0x18 /home/uzair/huawei_workspace/projects_repo/sourcery_workspace/helloworld/Debug/main.o

.rodata1
 *(.rodata1)

.ARM.extab      0x000085c0       0x18
 *(.ARM.extab* .gnu.linkonce.armextab.*)
 .ARM.extab     0x000085c0        0x0 /home/uzair/mgc/embedded/codebench/bin/../arm-none-linux-gnueabi/libc/usr/lib/crt1.o
 .ARM.extab     0x000085c0        0xc /home/uzair/mgc/embedded/codebench/bin/../lib/gcc/arm-none-linux-gnueabi/4.9.1/crtbegin.o
 .ARM.extab     0x000085cc        0xc /home/uzair/huawei_workspace/projects_repo/sourcery_workspace/helloworld/Debug/main.o
 .ARM.extab     0x000085d8        0x0 /home/uzair/mgc/embedded/codebench/bin/../arm-none-linux-gnueabi/libc/usr/lib/libc_nonshared.a(elf-init.oS)
                0x000085d8                PROVIDE (__exidx_start, .)

.ARM.exidx      0x000085d8       0x40
 *(.ARM.exidx* .gnu.linkonce.armexidx.*)
 .ARM.exidx     0x000085d8        0x8 /home/uzair/mgc/embedded/codebench/bin/../arm-none-linux-gnueabi/libc/usr/lib/crt1.o
 .ARM.exidx     0x000085e0       0x18 /home/uzair/mgc/embedded/codebench/bin/../lib/gcc/arm-none-linux-gnueabi/4.9.1/crtbegin.o
                                 0x20 (size before relaxing)
 .ARM.exidx     0x000085f8        0x8 /home/uzair/huawei_workspace/projects_repo/sourcery_workspace/helloworld/Debug/main.o
 .ARM.exidx     0x00008600       0x18 /home/uzair/mgc/embedded/codebench/bin/../arm-none-linux-gnueabi/libc/usr/lib/libc_nonshared.a(elf-init.oS)
                                 0x10 (size before relaxing)
                0x00008618                PROVIDE (__exidx_end, .)

.eh_frame_hdr
 *(.eh_frame_hdr)
 *(.eh_frame_entry .eh_frame_entry.*)

.eh_frame       0x00008618        0x4
 *(.eh_frame)
 .eh_frame      0x00008618        0x4 /home/uzair/mgc/embedded/codebench/bin/../lib/gcc/arm-none-linux-gnueabi/4.9.1/crtend.o
 *(.eh_frame.*)

.gcc_except_table
 *(.gcc_except_table .gcc_except_table.*)

.gnu_extab
 *(.gnu_extab*)

.exception_ranges
 *(.exception_ranges .exception_ranges*)
                0x0000861c                . = (ALIGN (0x8000) - ((0x8000 - .) & 0x7fff))
                0x0001061c                . = DATA_SEGMENT_ALIGN (0x8000, 0x1000)

.eh_frame
 *(.eh_frame)
 *(.eh_frame.*)

.gnu_extab
 *(.gnu_extab)

.gcc_except_table
 *(.gcc_except_table .gcc_except_table.*)

.exception_ranges
 *(.exception_ranges .exception_ranges*)

.tdata
 *(.tdata .tdata.* .gnu.linkonce.td.*)

.tbss
 *(.tbss .tbss.* .gnu.linkonce.tb.*)
 *(.tcommon)

.preinit_array  0x0001061c        0x0
                0x0001061c                PROVIDE (__preinit_array_start, .)
 *(.preinit_array)
                0x0001061c                PROVIDE (__preinit_array_end, .)

.init_array     0x0001061c        0x4
                0x0001061c                PROVIDE (__init_array_start, .)
 *(SORT(.init_array.*))
 *(.init_array)
 .init_array    0x0001061c        0x4 /home/uzair/mgc/embedded/codebench/bin/../lib/gcc/arm-none-linux-gnueabi/4.9.1/crtbegin.o
                0x00010620                PROVIDE (__init_array_end, .)

.fini_array     0x00010620        0x4
                0x00010620                PROVIDE (__fini_array_start, .)
 *(SORT(.fini_array.*))
 *(.fini_array)
 .fini_array    0x00010620        0x4 /home/uzair/mgc/embedded/codebench/bin/../lib/gcc/arm-none-linux-gnueabi/4.9.1/crtbegin.o
                0x00010624                PROVIDE (__fini_array_end, .)

.ctors
 *crtbegin.o(.ctors)
 *crtbegin?.o(.ctors)
 *(EXCLUDE_FILE(*crtend?.o *crtend.o) .ctors)
 *(SORT(.ctors.*))
 *(.ctors)

.dtors
 *crtbegin.o(.dtors)
 *crtbegin?.o(.dtors)
 *(EXCLUDE_FILE(*crtend?.o *crtend.o) .dtors)
 *(SORT(.dtors.*))
 *(.dtors)

.jcr            0x00010624        0x4
 *(.jcr)
 .jcr           0x00010624        0x0 /home/uzair/mgc/embedded/codebench/bin/../lib/gcc/arm-none-linux-gnueabi/4.9.1/crtbegin.o
 .jcr           0x00010624        0x4 /home/uzair/mgc/embedded/codebench/bin/../lib/gcc/arm-none-linux-gnueabi/4.9.1/crtend.o

.data.rel.ro
 *(.data.rel.ro.local* .gnu.linkonce.d.rel.ro.local.*)
 *(.data.rel.ro .data.rel.ro.* .gnu.linkonce.d.rel.ro.*)

.dynamic        0x00010628       0xf0
 *(.dynamic)
 .dynamic       0x00010628       0xf0 /home/uzair/mgc/embedded/codebench/bin/../arm-none-linux-gnueabi/libc/usr/lib/crt1.o
                0x00010628                _DYNAMIC
                0x00010718                . = DATA_SEGMENT_RELRO_END (., 0x0)

.got            0x00010718       0x20
 *(.got.plt)
 .got.plt       0x00010718       0x1c /home/uzair/mgc/embedded/codebench/bin/../arm-none-linux-gnueabi/libc/usr/lib/crt1.o
                0x00010718                _GLOBAL_OFFSET_TABLE_
 *(.igot.plt)
 .igot.plt      0x00000000        0x0 /home/uzair/mgc/embedded/codebench/bin/../arm-none-linux-gnueabi/libc/usr/lib/crt1.o
 *(.got)
 .got           0x00010734        0x4 /home/uzair/mgc/embedded/codebench/bin/../arm-none-linux-gnueabi/libc/usr/lib/crt1.o
 *(.igot)

.data           0x00010738        0x8
                0x00010738                PROVIDE (__data_start, .)
 *(.data .data.* .gnu.linkonce.d.*)
 .data          0x00010738        0x4 /home/uzair/mgc/embedded/codebench/bin/../arm-none-linux-gnueabi/libc/usr/lib/crt1.o
                0x00010738                data_start
                0x00010738                __data_start
 .data          0x0001073c        0x0 /home/uzair/mgc/embedded/codebench/bin/../arm-none-linux-gnueabi/libc/usr/lib/crti.o
 .data          0x0001073c        0x4 /home/uzair/mgc/embedded/codebench/bin/../lib/gcc/arm-none-linux-gnueabi/4.9.1/crtbegin.o
                0x0001073c                __dso_handle
 .data          0x00010740        0x0 /home/uzair/huawei_workspace/projects_repo/sourcery_workspace/helloworld/Debug/main.o
 .data          0x00010740        0x0 /home/uzair/mgc/embedded/codebench/bin/../arm-none-linux-gnueabi/libc/usr/lib/libc_nonshared.a(elf-init.oS)
 .data          0x00010740        0x0 /home/uzair/mgc/embedded/codebench/bin/../lib/gcc/arm-none-linux-gnueabi/4.9.1/crtend.o
 .data          0x00010740        0x0 /home/uzair/mgc/embedded/codebench/bin/../arm-none-linux-gnueabi/libc/usr/lib/crtn.o

.tm_clone_table
                0x00010740        0x0
 .tm_clone_table
                0x00010740        0x0 /home/uzair/mgc/embedded/codebench/bin/../lib/gcc/arm-none-linux-gnueabi/4.9.1/crtbegin.o
 .tm_clone_table
                0x00010740        0x0 /home/uzair/mgc/embedded/codebench/bin/../lib/gcc/arm-none-linux-gnueabi/4.9.1/crtend.o

.data1
 *(.data1)
                0x00010740                _edata = .
                0x00010740                PROVIDE (edata, .)
                0x00010740                . = .
                0x00010740                __bss_start = .
                0x00010740                __bss_start__ = .

.bss            0x00010740        0x4
 *(.dynbss)
 .dynbss        0x00000000        0x0 /home/uzair/mgc/embedded/codebench/bin/../arm-none-linux-gnueabi/libc/usr/lib/crt1.o
 *(.bss .bss.* .gnu.linkonce.b.*)
 .bss           0x00010740        0x0 /home/uzair/mgc/embedded/codebench/bin/../arm-none-linux-gnueabi/libc/usr/lib/crt1.o
 .bss           0x00010740        0x0 /home/uzair/mgc/embedded/codebench/bin/../arm-none-linux-gnueabi/libc/usr/lib/crti.o
 .bss           0x00010740        0x1 /home/uzair/mgc/embedded/codebench/bin/../lib/gcc/arm-none-linux-gnueabi/4.9.1/crtbegin.o
 .bss           0x00010741        0x0 /home/uzair/huawei_workspace/projects_repo/sourcery_workspace/helloworld/Debug/main.o
 .bss           0x00010741        0x0 /home/uzair/mgc/embedded/codebench/bin/../arm-none-linux-gnueabi/libc/usr/lib/libc_nonshared.a(elf-init.oS)
 .bss           0x00010741        0x0 /home/uzair/mgc/embedded/codebench/bin/../lib/gcc/arm-none-linux-gnueabi/4.9.1/crtend.o
 .bss           0x00010741        0x0 /home/uzair/mgc/embedded/codebench/bin/../arm-none-linux-gnueabi/libc/usr/lib/crtn.o
 *(COMMON)
                0x00010744                . = ALIGN ((. != 0x0)?0x4:0x1)
 *fill*         0x00010741        0x3 
                0x00010744                _bss_end__ = .
                0x00010744                __bss_end__ = .
                0x00010744                . = ALIGN (0x4)
                0x00010744                . = SEGMENT_START ("ldata-segment", .)
                0x00010744                . = ALIGN (0x4)
                0x00010744                __end__ = .
                0x00010744                _end = .
                0x00010744                PROVIDE (end, .)
                0x00010744                . = DATA_SEGMENT_END (.)

.stab
 *(.stab)

.stabstr
 *(.stabstr)

.stab.excl
 *(.stab.excl)

.stab.exclstr
 *(.stab.exclstr)

.stab.index
 *(.stab.index)

.stab.indexstr
 *(.stab.indexstr)

.comment        0x00000000       0x2b
 *(.comment)
 .comment       0x00000000       0x2b /home/uzair/huawei_workspace/projects_repo/sourcery_workspace/helloworld/Debug/main.o
                                 0x2c (size before relaxing)

.ARM.attributes
                0x00000000       0x39
 .ARM.attributes
                0x00000000       0x2b /home/uzair/mgc/embedded/codebench/bin/../arm-none-linux-gnueabi/libc/usr/lib/crt1.o
 .ARM.attributes
                0x0000002b       0x1f /home/uzair/mgc/embedded/codebench/bin/../arm-none-linux-gnueabi/libc/usr/lib/crti.o
 .ARM.attributes
                0x0000004a       0x2b /home/uzair/mgc/embedded/codebench/bin/../lib/gcc/arm-none-linux-gnueabi/4.9.1/crtbegin.o
 .ARM.attributes
                0x00000075       0x39 /home/uzair/huawei_workspace/projects_repo/sourcery_workspace/helloworld/Debug/main.o
 .ARM.attributes
                0x000000ae       0x2d /home/uzair/mgc/embedded/codebench/bin/../arm-none-linux-gnueabi/libc/usr/lib/libc_nonshared.a(elf-init.oS)
 .ARM.attributes
                0x000000db       0x2b /home/uzair/mgc/embedded/codebench/bin/../lib/gcc/arm-none-linux-gnueabi/4.9.1/crtend.o
 .ARM.attributes
                0x00000106       0x1f /home/uzair/mgc/embedded/codebench/bin/../arm-none-linux-gnueabi/libc/usr/lib/crtn.o

.debug
 *(.debug)

.line
 *(.line)

.debug_srcinfo
 *(.debug_srcinfo)

.debug_sfnames
 *(.debug_sfnames)

.debug_aranges  0x00000000       0xd0
 *(.debug_aranges)
 .debug_aranges
                0x00000000       0x38 /home/uzair/mgc/embedded/codebench/bin/../arm-none-linux-gnueabi/libc/usr/lib/crt1.o
 .debug_aranges
                0x00000038       0x30 /home/uzair/mgc/embedded/codebench/bin/../arm-none-linux-gnueabi/libc/usr/lib/crti.o
 .debug_aranges
                0x00000068       0x20 /home/uzair/huawei_workspace/projects_repo/sourcery_workspace/helloworld/Debug/main.o
 .debug_aranges
                0x00000088       0x20 /home/uzair/mgc/embedded/codebench/bin/../arm-none-linux-gnueabi/libc/usr/lib/libc_nonshared.a(elf-init.oS)
 .debug_aranges
                0x000000a8       0x28 /home/uzair/mgc/embedded/codebench/bin/../arm-none-linux-gnueabi/libc/usr/lib/crtn.o

.debug_pubnames
 *(.debug_pubnames)

.debug_info     0x00000000      0x3d4
 *(.debug_info .gnu.linkonce.wi.*)
 .debug_info    0x00000000       0xff /home/uzair/mgc/embedded/codebench/bin/../arm-none-linux-gnueabi/libc/usr/lib/crt1.o
 .debug_info    0x000000ff       0x72 /home/uzair/mgc/embedded/codebench/bin/../arm-none-linux-gnueabi/libc/usr/lib/crti.o
 .debug_info    0x00000171       0xc0 /home/uzair/huawei_workspace/projects_repo/sourcery_workspace/helloworld/Debug/main.o
 .debug_info    0x00000231      0x131 /home/uzair/mgc/embedded/codebench/bin/../arm-none-linux-gnueabi/libc/usr/lib/libc_nonshared.a(elf-init.oS)
 .debug_info    0x00000362       0x72 /home/uzair/mgc/embedded/codebench/bin/../arm-none-linux-gnueabi/libc/usr/lib/crtn.o

.debug_abbrev   0x00000000      0x1e4
 *(.debug_abbrev)
 .debug_abbrev  0x00000000       0x52 /home/uzair/mgc/embedded/codebench/bin/../arm-none-linux-gnueabi/libc/usr/lib/crt1.o
 .debug_abbrev  0x00000052       0x12 /home/uzair/mgc/embedded/codebench/bin/../arm-none-linux-gnueabi/libc/usr/lib/crti.o
 .debug_abbrev  0x00000064       0x61 /home/uzair/huawei_workspace/projects_repo/sourcery_workspace/helloworld/Debug/main.o
 .debug_abbrev  0x000000c5      0x10d /home/uzair/mgc/embedded/codebench/bin/../arm-none-linux-gnueabi/libc/usr/lib/libc_nonshared.a(elf-init.oS)
 .debug_abbrev  0x000001d2       0x12 /home/uzair/mgc/embedded/codebench/bin/../arm-none-linux-gnueabi/libc/usr/lib/crtn.o

.debug_line     0x00000000      0x47e
 *(.debug_line .debug_line.* .debug_line_end)
 .debug_line    0x00000000       0x80 /home/uzair/mgc/embedded/codebench/bin/../arm-none-linux-gnueabi/libc/usr/lib/crt1.o
 .debug_line    0x00000080       0x6c /home/uzair/mgc/embedded/codebench/bin/../arm-none-linux-gnueabi/libc/usr/lib/crti.o
 .debug_line    0x000000ec      0x29a /home/uzair/huawei_workspace/projects_repo/sourcery_workspace/helloworld/Debug/main.o
 .debug_line    0x00000386       0xa4 /home/uzair/mgc/embedded/codebench/bin/../arm-none-linux-gnueabi/libc/usr/lib/libc_nonshared.a(elf-init.oS)
 .debug_line    0x0000042a       0x54 /home/uzair/mgc/embedded/codebench/bin/../arm-none-linux-gnueabi/libc/usr/lib/crtn.o

.debug_frame    0x00000000       0x74
 *(.debug_frame)
 .debug_frame   0x00000000       0x30 /home/uzair/huawei_workspace/projects_repo/sourcery_workspace/helloworld/Debug/main.o
 .debug_frame   0x00000030       0x44 /home/uzair/mgc/embedded/codebench/bin/../arm-none-linux-gnueabi/libc/usr/lib/libc_nonshared.a(elf-init.oS)

.debug_str      0x00000000     0x4c66
 *(.debug_str)
 .debug_str     0x00000000      0x310 /home/uzair/mgc/embedded/codebench/bin/../arm-none-linux-gnueabi/libc/usr/lib/crt1.o
                                0x3a0 (size before relaxing)
 .debug_str     0x00000310     0x4636 /home/uzair/huawei_workspace/projects_repo/sourcery_workspace/helloworld/Debug/main.o
                               0x4712 (size before relaxing)
 .debug_str     0x00004946      0x320 /home/uzair/mgc/embedded/codebench/bin/../arm-none-linux-gnueabi/libc/usr/lib/libc_nonshared.a(elf-init.oS)
                                0x380 (size before relaxing)

.debug_loc      0x00000000       0x91
 *(.debug_loc)
 .debug_loc     0x00000000       0x91 /home/uzair/mgc/embedded/codebench/bin/../arm-none-linux-gnueabi/libc/usr/lib/libc_nonshared.a(elf-init.oS)

.debug_macinfo
 *(.debug_macinfo)

.debug_weaknames
 *(.debug_weaknames)

.debug_funcnames
 *(.debug_funcnames)

.debug_typenames
 *(.debug_typenames)

.debug_varnames
 *(.debug_varnames)

.debug_pubtypes
 *(.debug_pubtypes)

.debug_ranges   0x00000000       0x60
 *(.debug_ranges)
 .debug_ranges  0x00000000       0x28 /home/uzair/mgc/embedded/codebench/bin/../arm-none-linux-gnueabi/libc/usr/lib/crti.o
 .debug_ranges  0x00000028       0x18 /home/uzair/mgc/embedded/codebench/bin/../arm-none-linux-gnueabi/libc/usr/lib/libc_nonshared.a(elf-init.oS)
 .debug_ranges  0x00000040       0x20 /home/uzair/mgc/embedded/codebench/bin/../arm-none-linux-gnueabi/libc/usr/lib/crtn.o

.debug_macro    0x00000000     0x1243
 *(.debug_macro)
 .debug_macro   0x00000000       0xed /home/uzair/huawei_workspace/projects_repo/sourcery_workspace/helloworld/Debug/main.o
 .debug_macro   0x000000ed      0x880 /home/uzair/huawei_workspace/projects_repo/sourcery_workspace/helloworld/Debug/main.o
 .debug_macro   0x0000096d       0x16 /home/uzair/huawei_workspace/projects_repo/sourcery_workspace/helloworld/Debug/main.o
 .debug_macro   0x00000983      0x164 /home/uzair/huawei_workspace/projects_repo/sourcery_workspace/helloworld/Debug/main.o
 .debug_macro   0x00000ae7      0x16f /home/uzair/huawei_workspace/projects_repo/sourcery_workspace/helloworld/Debug/main.o
 .debug_macro   0x00000c56       0x35 /home/uzair/huawei_workspace/projects_repo/sourcery_workspace/helloworld/Debug/main.o
 .debug_macro   0x00000c8b       0x70 /home/uzair/huawei_workspace/projects_repo/sourcery_workspace/helloworld/Debug/main.o
 .debug_macro   0x00000cfb       0x10 /home/uzair/huawei_workspace/projects_repo/sourcery_workspace/helloworld/Debug/main.o
 .debug_macro   0x00000d0b       0x97 /home/uzair/huawei_workspace/projects_repo/sourcery_workspace/helloworld/Debug/main.o
 .debug_macro   0x00000da2       0x5e /home/uzair/huawei_workspace/projects_repo/sourcery_workspace/helloworld/Debug/main.o
 .debug_macro   0x00000e00       0xd6 /home/uzair/huawei_workspace/projects_repo/sourcery_workspace/helloworld/Debug/main.o
 .debug_macro   0x00000ed6       0x2e /home/uzair/huawei_workspace/projects_repo/sourcery_workspace/helloworld/Debug/main.o
 .debug_macro   0x00000f04       0x16 /home/uzair/huawei_workspace/projects_repo/sourcery_workspace/helloworld/Debug/main.o
 .debug_macro   0x00000f1a       0x20 /home/uzair/huawei_workspace/projects_repo/sourcery_workspace/helloworld/Debug/main.o
 .debug_macro   0x00000f3a       0x1e /home/uzair/huawei_workspace/projects_repo/sourcery_workspace/helloworld/Debug/main.o
 .debug_macro   0x00000f58       0x28 /home/uzair/huawei_workspace/projects_repo/sourcery_workspace/helloworld/Debug/main.o
 .debug_macro   0x00000f80       0x58 /home/uzair/huawei_workspace/projects_repo/sourcery_workspace/helloworld/Debug/main.o
 .debug_macro   0x00000fd8       0x10 /home/uzair/huawei_workspace/projects_repo/sourcery_workspace/helloworld/Debug/main.o
 .debug_macro   0x00000fe8      0x1c2 /home/uzair/huawei_workspace/projects_repo/sourcery_workspace/helloworld/Debug/main.o
 .debug_macro   0x000011aa       0x4a /home/uzair/huawei_workspace/projects_repo/sourcery_workspace/helloworld/Debug/main.o
 .debug_macro   0x000011f4       0x28 /home/uzair/huawei_workspace/projects_repo/sourcery_workspace/helloworld/Debug/main.o
 .debug_macro   0x0000121c       0x27 /home/uzair/huawei_workspace/projects_repo/sourcery_workspace/helloworld/Debug/main.o

.gnu.attributes
 *(.gnu.attributes)

.note.gnu.arm.ident
 *(.note.gnu.arm.ident)

/DISCARD/
 *(.note.GNU-stack)
 *(.gnu_debuglink)
 *(.gnu.lto_*)
OUTPUT(helloworld elf32-littlearm)
