14:00:30 **** Build of configuration Debug for project helloworld ****
make all 
Building file: ../main.c
Invoking: Sourcery CodeBench C Compiler
arm-none-linux-gnueabi-gcc -O0 -g3 -Wall -c -fmessage-length=0 -fcommon -MMD -MP -MF"main.d" -MT"main.d" -mcpu=cortex-a9 -o "main.o" "../main.c"
Finished building: ../main.c
 
Building target: helloworld
Invoking: Sourcery CodeBench C Linker
arm-none-linux-gnueabi-gcc -Xlinker -Map="helloworld.map" -mcpu=cortex-a9 -o "helloworld" "@objs.rsp" "@user_objs.rsp" "@libs.rsp"
Finished building target: helloworld
 
make --no-print-directory post-build
arm-none-linux-gnueabi-size "helloworld"
   text	   data	    bss	    dec	    hex	filename
   1254	    292	      4	   1550	    60e	helloworld
 

14:00:30 Build Finished (took 112ms)

