11:23:11 **** Build of configuration Debug for project hello_world_C ****
make all 
Building file: ../main.c
Invoking: Sourcery CodeBench C Compiler
arm-none-eabi-gcc -O0 -g3 -Wall -c -fmessage-length=0 -fno-common -MMD -MP -MF"main.d" -MT"main.d" -mcpu=cortex-a9 -o "main.o" "../main.c"
Finished building: ../main.c
 
Building target: hello_world_C
Invoking: Sourcery CodeBench C Linker
arm-none-eabi-gcc -Xlinker -Map="hello_world_C.map" -T zynq7000-ram-hosted.ld -mcpu=cortex-a9 -o "hello_world_C" "@objs.rsp" "@user_objs.rsp" "@libs.rsp"
Finished building target: hello_world_C
 
make --no-print-directory post-build
arm-none-eabi-size "hello_world_C"
   text	   data	    bss	    dec	    hex	filename
  10408	   1064	    808	  12280	   2ff8	hello_world_C
 

11:23:11 Build Finished (took 113ms)

