Archive member included to satisfy reference by file (symbol)

/home/uzair/mgc/embedded/codebench/bin/../arm-none-linux-gnueabi/libc/usr/lib/libc_nonshared.a(elf-init.oS)
                              /home/uzair/mgc/embedded/codebench/bin/../arm-none-linux-gnueabi/libc/usr/lib/crt1.o (__libc_csu_init)

Discarded input sections

 .note.GNU-stack
                0x00000000        0x0 /home/uzair/mgc/embedded/codebench/bin/../arm-none-linux-gnueabi/libc/usr/lib/crt1.o
 .note.GNU-stack
                0x00000000        0x0 /home/uzair/mgc/embedded/codebench/bin/../arm-none-linux-gnueabi/libc/usr/lib/crti.o
 .note.GNU-stack
                0x00000000        0x0 /home/uzair/mgc/embedded/codebench/bin/../lib/gcc/arm-none-linux-gnueabi/4.9.1/crtbegin.o
 .group         0x00000000        0x8 /home/uzair/huawei_workspace/projects_repo/sourcery_workspace/hello_world/Debug/main.o
 .group         0x00000000        0x8 /home/uzair/huawei_workspace/projects_repo/sourcery_workspace/hello_world/Debug/main.o
 .group         0x00000000        0x8 /home/uzair/huawei_workspace/projects_repo/sourcery_workspace/hello_world/Debug/main.o
 .group         0x00000000        0x8 /home/uzair/huawei_workspace/projects_repo/sourcery_workspace/hello_world/Debug/main.o
 .group         0x00000000        0x8 /home/uzair/huawei_workspace/projects_repo/sourcery_workspace/hello_world/Debug/main.o
 .group         0x00000000        0x8 /home/uzair/huawei_workspace/projects_repo/sourcery_workspace/hello_world/Debug/main.o
 .group         0x00000000        0x8 /home/uzair/huawei_workspace/projects_repo/sourcery_workspace/hello_world/Debug/main.o
 .group         0x00000000        0x8 /home/uzair/huawei_workspace/projects_repo/sourcery_workspace/hello_world/Debug/main.o
 .group         0x00000000        0x8 /home/uzair/huawei_workspace/projects_repo/sourcery_workspace/hello_world/Debug/main.o
 .group         0x00000000        0x8 /home/uzair/huawei_workspace/projects_repo/sourcery_workspace/hello_world/Debug/main.o
 .group         0x00000000        0x8 /home/uzair/huawei_workspace/projects_repo/sourcery_workspace/hello_world/Debug/main.o
 .group         0x00000000        0x8 /home/uzair/huawei_workspace/projects_repo/sourcery_workspace/hello_world/Debug/main.o
 .group         0x00000000        0x8 /home/uzair/huawei_workspace/projects_repo/sourcery_workspace/hello_world/Debug/main.o
 .group         0x00000000        0x8 /home/uzair/huawei_workspace/projects_repo/sourcery_workspace/hello_world/Debug/main.o
 .group         0x00000000        0x8 /home/uzair/huawei_workspace/projects_repo/sourcery_workspace/hello_world/Debug/main.o
 .group         0x00000000        0x8 /home/uzair/huawei_workspace/projects_repo/sourcery_workspace/hello_world/Debug/main.o
 .group         0x00000000        0x8 /home/uzair/huawei_workspace/projects_repo/sourcery_workspace/hello_world/Debug/main.o
 .group         0x00000000        0x8 /home/uzair/huawei_workspace/projects_repo/sourcery_workspace/hello_world/Debug/main.o
 .group         0x00000000        0x8 /home/uzair/huawei_workspace/projects_repo/sourcery_workspace/hello_world/Debug/main.o
 .group         0x00000000        0x8 /home/uzair/huawei_workspace/projects_repo/sourcery_workspace/hello_world/Debug/main.o
 .group         0x00000000        0x8 /home/uzair/huawei_workspace/projects_repo/sourcery_workspace/hello_world/Debug/main.o
 .note.GNU-stack
                0x00000000        0x0 /home/uzair/huawei_workspace/projects_repo/sourcery_workspace/hello_world/Debug/main.o
 .note.GNU-stack
                0x00000000        0x0 /home/uzair/mgc/embedded/codebench/bin/../arm-none-linux-gnueabi/libc/usr/lib/libc_nonshared.a(elf-init.oS)
 .note.GNU-stack
                0x00000000        0x0 /home/uzair/mgc/embedded/codebench/bin/../lib/gcc/arm-none-linux-gnueabi/4.9.1/crtend.o
 .note.GNU-stack
                0x00000000        0x0 /home/uzair/mgc/embedded/codebench/bin/../arm-none-linux-gnueabi/libc/usr/lib/crtn.o

Memory Configuration

Name             Origin             Length             Attributes
*default*        0x00000000         0xffffffff

Linker script and memory map

LOAD /home/uzair/mgc/embedded/codebench/bin/../arm-none-linux-gnueabi/libc/usr/lib/crt1.o
LOAD /home/uzair/mgc/embedded/codebench/bin/../arm-none-linux-gnueabi/libc/usr/lib/crti.o
LOAD /home/uzair/mgc/embedded/codebench/bin/../lib/gcc/arm-none-linux-gnueabi/4.9.1/crtbegin.o
LOAD /home/uzair/huawei_workspace/projects_repo/sourcery_workspace/hello_world/Debug/main.o
LOAD /home/uzair/mgc/embedded/codebench/bin/../arm-none-linux-gnueabi/libc/usr/lib/libstdc++.so
LOAD /home/uzair/mgc/embedded/codebench/bin/../arm-none-linux-gnueabi/libc/usr/lib/libm.so
LOAD /home/uzair/mgc/embedded/codebench/bin/../arm-none-linux-gnueabi/libc/lib/libgcc_s.so
START GROUP
LOAD /home/uzair/mgc/embedded/codebench/bin/../arm-none-linux-gnueabi/libc/lib/libgcc_s.so.1
LOAD /home/uzair/mgc/embedded/codebench/bin/../lib/gcc/arm-none-linux-gnueabi/4.9.1/libgcc.a
END GROUP
LOAD /home/uzair/mgc/embedded/codebench/bin/../lib/gcc/arm-none-linux-gnueabi/4.9.1/libgcc.a
LOAD /home/uzair/mgc/embedded/codebench/bin/../arm-none-linux-gnueabi/libc/usr/lib/libpthread.so
START GROUP
LOAD /home/uzair/mgc/embedded/codebench/bin/../arm-none-linux-gnueabi/libc/lib/libpthread.so.0
LOAD /home/uzair/mgc/embedded/codebench/bin/../arm-none-linux-gnueabi/libc/usr/lib/libpthread_nonshared.a
END GROUP
LOAD /home/uzair/mgc/embedded/codebench/bin/../arm-none-linux-gnueabi/libc/usr/lib/libc.so
START GROUP
LOAD /home/uzair/mgc/embedded/codebench/bin/../arm-none-linux-gnueabi/libc/lib/libc.so.6
LOAD /home/uzair/mgc/embedded/codebench/bin/../arm-none-linux-gnueabi/libc/usr/lib/libc_nonshared.a
LOAD /home/uzair/mgc/embedded/codebench/bin/../arm-none-linux-gnueabi/libc/lib/ld-linux.so.3
END GROUP
LOAD /home/uzair/mgc/embedded/codebench/bin/../arm-none-linux-gnueabi/libc/lib/libgcc_s.so
START GROUP
LOAD /home/uzair/mgc/embedded/codebench/bin/../arm-none-linux-gnueabi/libc/lib/libgcc_s.so.1
LOAD /home/uzair/mgc/embedded/codebench/bin/../lib/gcc/arm-none-linux-gnueabi/4.9.1/libgcc.a
END GROUP
LOAD /home/uzair/mgc/embedded/codebench/bin/../lib/gcc/arm-none-linux-gnueabi/4.9.1/libgcc.a
LOAD /home/uzair/mgc/embedded/codebench/bin/../lib/gcc/arm-none-linux-gnueabi/4.9.1/crtend.o
LOAD /home/uzair/mgc/embedded/codebench/bin/../arm-none-linux-gnueabi/libc/usr/lib/crtn.o
                0x00008000                PROVIDE (__executable_start, 0x8000)
                0x00008134                . = (0x8000 + SIZEOF_HEADERS)

.interp         0x00008134       0x13
 *(.interp)
 .interp        0x00008134       0x13 /home/uzair/mgc/embedded/codebench/bin/../arm-none-linux-gnueabi/libc/usr/lib/crt1.o

.note.ABI-tag   0x00008148       0x20
 .note.ABI-tag  0x00008148       0x20 /home/uzair/mgc/embedded/codebench/bin/../arm-none-linux-gnueabi/libc/usr/lib/crt1.o

.note.gnu.build-id
 *(.note.gnu.build-id)

.hash           0x00008168       0x3c
 *(.hash)
 .hash          0x00008168       0x3c /home/uzair/mgc/embedded/codebench/bin/../arm-none-linux-gnueabi/libc/usr/lib/crt1.o

.gnu.hash
 *(.gnu.hash)

.dynsym         0x000081a4       0xa0
 *(.dynsym)
 .dynsym        0x000081a4       0xa0 /home/uzair/mgc/embedded/codebench/bin/../arm-none-linux-gnueabi/libc/usr/lib/crt1.o

.dynstr         0x00008244       0xf8
 *(.dynstr)
 .dynstr        0x00008244       0xf8 /home/uzair/mgc/embedded/codebench/bin/../arm-none-linux-gnueabi/libc/usr/lib/crt1.o

.gnu.version    0x0000833c       0x14
 *(.gnu.version)
 .gnu.version   0x0000833c       0x14 /home/uzair/mgc/embedded/codebench/bin/../arm-none-linux-gnueabi/libc/usr/lib/crt1.o

.gnu.version_d  0x00008350        0x0
 *(.gnu.version_d)
 .gnu.version_d
                0x00000000        0x0 /home/uzair/mgc/embedded/codebench/bin/../arm-none-linux-gnueabi/libc/usr/lib/crt1.o

.gnu.version_r  0x00008350       0x40
 *(.gnu.version_r)
 .gnu.version_r
                0x00008350       0x40 /home/uzair/mgc/embedded/codebench/bin/../arm-none-linux-gnueabi/libc/usr/lib/crt1.o

.rel.dyn        0x00008390        0x8
 *(.rel.init)
 *(.rel.text .rel.text.* .rel.gnu.linkonce.t.*)
 *(.rel.fini)
 *(.rel.rodata .rel.rodata.* .rel.gnu.linkonce.r.*)
 *(.rel.data.rel.ro .rel.data.rel.ro.* .rel.gnu.linkonce.d.rel.ro.*)
 *(.rel.data .rel.data.* .rel.gnu.linkonce.d.*)
 *(.rel.tdata .rel.tdata.* .rel.gnu.linkonce.td.*)
 *(.rel.tbss .rel.tbss.* .rel.gnu.linkonce.tb.*)
 *(.rel.ctors)
 *(.rel.dtors)
 *(.rel.got)
 .rel.got       0x00008390        0x8 /home/uzair/mgc/embedded/codebench/bin/../arm-none-linux-gnueabi/libc/usr/lib/crt1.o
 *(.rel.bss .rel.bss.* .rel.gnu.linkonce.b.*)
 .rel.bss       0x00000000        0x0 /home/uzair/mgc/embedded/codebench/bin/../arm-none-linux-gnueabi/libc/usr/lib/crt1.o
                0x00008398                PROVIDE (__rel_iplt_start, .)
 *(.rel.iplt)
 .rel.iplt      0x00000000        0x0 /home/uzair/mgc/embedded/codebench/bin/../arm-none-linux-gnueabi/libc/usr/lib/crt1.o
                0x00008398                PROVIDE (__rel_iplt_end, .)
                0x00008398                PROVIDE (__rela_iplt_start, .)
                0x00008398                PROVIDE (__rela_iplt_end, .)

.rela.dyn       0x00008398        0x0
 *(.rela.init)
 *(.rela.text .rela.text.* .rela.gnu.linkonce.t.*)
 *(.rela.fini)
 *(.rela.rodata .rela.rodata.* .rela.gnu.linkonce.r.*)
 *(.rela.data .rela.data.* .rela.gnu.linkonce.d.*)
 *(.rela.tdata .rela.tdata.* .rela.gnu.linkonce.td.*)
 *(.rela.tbss .rela.tbss.* .rela.gnu.linkonce.tb.*)
 *(.rela.ctors)
 *(.rela.dtors)
 *(.rela.got)
 *(.rela.bss .rela.bss.* .rela.gnu.linkonce.b.*)
                0x00008398                PROVIDE (__rel_iplt_start, .)
                0x00008398                PROVIDE (__rel_iplt_end, .)
                0x00008398                PROVIDE (__rela_iplt_start, .)
 *(.rela.iplt)
                0x00008398                PROVIDE (__rela_iplt_end, .)

.rel.plt        0x00008398       0x20
 *(.rel.plt)
 .rel.plt       0x00008398       0x20 /home/uzair/mgc/embedded/codebench/bin/../arm-none-linux-gnueabi/libc/usr/lib/crt1.o

.rela.plt
 *(.rela.plt)

.init           0x000083b8        0xc
 *(SORT(.init))
 .init          0x000083b8        0x8 /home/uzair/mgc/embedded/codebench/bin/../arm-none-linux-gnueabi/libc/usr/lib/crti.o
                0x000083b8                _init
 .init          0x000083c0        0x4 /home/uzair/mgc/embedded/codebench/bin/../arm-none-linux-gnueabi/libc/usr/lib/crtn.o

.plt            0x000083c4       0x44
 *(.plt)
 .plt           0x000083c4       0x44 /home/uzair/mgc/embedded/codebench/bin/../arm-none-linux-gnueabi/libc/usr/lib/crt1.o
                0x000083d8                abort@@GLIBC_2.4
                0x000083e4                __libc_start_main@@GLIBC_2.4
                0x000083fc                puts@@GLIBC_2.4

.iplt           0x00008408        0x0
 *(.iplt)
 .iplt          0x00000000        0x0 /home/uzair/mgc/embedded/codebench/bin/../arm-none-linux-gnueabi/libc/usr/lib/crt1.o

.text           0x00008408      0x1ac
 *(.text.unlikely .text.*_unlikely .text.unlikely.*)
 *(.text.exit .text.exit.*)
 *(.text.startup .text.startup.*)
 *(.text.hot .text.hot.*)
 *(.text .stub .text.* .gnu.linkonce.t.*)
 .text          0x00008408       0x3c /home/uzair/mgc/embedded/codebench/bin/../arm-none-linux-gnueabi/libc/usr/lib/crt1.o
                0x00008408                _start
 .text          0x00008444       0x24 /home/uzair/mgc/embedded/codebench/bin/../arm-none-linux-gnueabi/libc/usr/lib/crti.o
 .text          0x00008468       0xc8 /home/uzair/mgc/embedded/codebench/bin/../lib/gcc/arm-none-linux-gnueabi/4.9.1/crtbegin.o
 .text          0x00008530       0x20 /home/uzair/huawei_workspace/projects_repo/sourcery_workspace/hello_world/Debug/main.o
                0x00008530                main
 .text          0x00008550       0x64 /home/uzair/mgc/embedded/codebench/bin/../arm-none-linux-gnueabi/libc/usr/lib/libc_nonshared.a(elf-init.oS)
                0x00008550                __libc_csu_init
                0x000085b0                __libc_csu_fini
 .text          0x000085b4        0x0 /home/uzair/mgc/embedded/codebench/bin/../lib/gcc/arm-none-linux-gnueabi/4.9.1/crtend.o
 .text          0x000085b4        0x0 /home/uzair/mgc/embedded/codebench/bin/../arm-none-linux-gnueabi/libc/usr/lib/crtn.o
 *(.gnu.warning)
 *(.glue_7t)
 .glue_7t       0x00000000        0x0 linker stubs
 *(.glue_7)
 .glue_7        0x00000000        0x0 linker stubs
 *(.vfp11_veneer)
 .vfp11_veneer  0x00000000        0x0 linker stubs
 *(.v4_bx)
 .v4_bx         0x00000000        0x0 linker stubs

.fini           0x000085b4        0x8
 *(SORT(.fini))
 .fini          0x000085b4        0x4 /home/uzair/mgc/embedded/codebench/bin/../arm-none-linux-gnueabi/libc/usr/lib/crti.o
                0x000085b4                _fini
 .fini          0x000085b8        0x4 /home/uzair/mgc/embedded/codebench/bin/../arm-none-linux-gnueabi/libc/usr/lib/crtn.o
                0x000085bc                PROVIDE (__etext, .)
                0x000085bc                PROVIDE (_etext, .)
                0x000085bc                PROVIDE (etext, .)

.rodata         0x000085bc       0x14
 *(.rodata .rodata.* .gnu.linkonce.r.*)
 .rodata.cst4   0x000085bc        0x4 /home/uzair/mgc/embedded/codebench/bin/../arm-none-linux-gnueabi/libc/usr/lib/crt1.o
                0x000085bc                _IO_stdin_used
 .rodata        0x000085c0       0x10 /home/uzair/huawei_workspace/projects_repo/sourcery_workspace/hello_world/Debug/main.o

.rodata1
 *(.rodata1)

.ARM.extab      0x000085d0       0x18
 *(.ARM.extab* .gnu.linkonce.armextab.*)
 .ARM.extab     0x000085d0        0x0 /home/uzair/mgc/embedded/codebench/bin/../arm-none-linux-gnueabi/libc/usr/lib/crt1.o
 .ARM.extab     0x000085d0        0xc /home/uzair/mgc/embedded/codebench/bin/../lib/gcc/arm-none-linux-gnueabi/4.9.1/crtbegin.o
 .ARM.extab     0x000085dc        0xc /home/uzair/huawei_workspace/projects_repo/sourcery_workspace/hello_world/Debug/main.o
 .ARM.extab     0x000085e8        0x0 /home/uzair/mgc/embedded/codebench/bin/../arm-none-linux-gnueabi/libc/usr/lib/libc_nonshared.a(elf-init.oS)
                0x000085e8                PROVIDE (__exidx_start, .)

.ARM.exidx      0x000085e8       0x40
 *(.ARM.exidx* .gnu.linkonce.armexidx.*)
 .ARM.exidx     0x000085e8        0x8 /home/uzair/mgc/embedded/codebench/bin/../arm-none-linux-gnueabi/libc/usr/lib/crt1.o
 .ARM.exidx     0x000085f0       0x18 /home/uzair/mgc/embedded/codebench/bin/../lib/gcc/arm-none-linux-gnueabi/4.9.1/crtbegin.o
                                 0x20 (size before relaxing)
 .ARM.exidx     0x00008608        0x8 /home/uzair/huawei_workspace/projects_repo/sourcery_workspace/hello_world/Debug/main.o
 .ARM.exidx     0x00008610       0x18 /home/uzair/mgc/embedded/codebench/bin/../arm-none-linux-gnueabi/libc/usr/lib/libc_nonshared.a(elf-init.oS)
                                 0x10 (size before relaxing)
                0x00008628                PROVIDE (__exidx_end, .)

.eh_frame_hdr
 *(.eh_frame_hdr)
 *(.eh_frame_entry .eh_frame_entry.*)

.eh_frame       0x00008628        0x4
 *(.eh_frame)
 .eh_frame      0x00008628        0x4 /home/uzair/mgc/embedded/codebench/bin/../lib/gcc/arm-none-linux-gnueabi/4.9.1/crtend.o
 *(.eh_frame.*)

.gcc_except_table
 *(.gcc_except_table .gcc_except_table.*)

.gnu_extab
 *(.gnu_extab*)

.exception_ranges
 *(.exception_ranges .exception_ranges*)
                0x0000862c                . = (ALIGN (0x8000) - ((0x8000 - .) & 0x7fff))
                0x0001062c                . = DATA_SEGMENT_ALIGN (0x8000, 0x1000)

.eh_frame
 *(.eh_frame)
 *(.eh_frame.*)

.gnu_extab
 *(.gnu_extab)

.gcc_except_table
 *(.gcc_except_table .gcc_except_table.*)

.exception_ranges
 *(.exception_ranges .exception_ranges*)

.tdata
 *(.tdata .tdata.* .gnu.linkonce.td.*)

.tbss
 *(.tbss .tbss.* .gnu.linkonce.tb.*)
 *(.tcommon)

.preinit_array  0x0001062c        0x0
                0x0001062c                PROVIDE (__preinit_array_start, .)
 *(.preinit_array)
                0x0001062c                PROVIDE (__preinit_array_end, .)

.init_array     0x0001062c        0x4
                0x0001062c                PROVIDE (__init_array_start, .)
 *(SORT(.init_array.*))
 *(.init_array)
 .init_array    0x0001062c        0x4 /home/uzair/mgc/embedded/codebench/bin/../lib/gcc/arm-none-linux-gnueabi/4.9.1/crtbegin.o
                0x00010630                PROVIDE (__init_array_end, .)

.fini_array     0x00010630        0x4
                0x00010630                PROVIDE (__fini_array_start, .)
 *(SORT(.fini_array.*))
 *(.fini_array)
 .fini_array    0x00010630        0x4 /home/uzair/mgc/embedded/codebench/bin/../lib/gcc/arm-none-linux-gnueabi/4.9.1/crtbegin.o
                0x00010634                PROVIDE (__fini_array_end, .)

.ctors
 *crtbegin.o(.ctors)
 *crtbegin?.o(.ctors)
 *(EXCLUDE_FILE(*crtend?.o *crtend.o) .ctors)
 *(SORT(.ctors.*))
 *(.ctors)

.dtors
 *crtbegin.o(.dtors)
 *crtbegin?.o(.dtors)
 *(EXCLUDE_FILE(*crtend?.o *crtend.o) .dtors)
 *(SORT(.dtors.*))
 *(.dtors)

.jcr            0x00010634        0x4
 *(.jcr)
 .jcr           0x00010634        0x0 /home/uzair/mgc/embedded/codebench/bin/../lib/gcc/arm-none-linux-gnueabi/4.9.1/crtbegin.o
 .jcr           0x00010634        0x4 /home/uzair/mgc/embedded/codebench/bin/../lib/gcc/arm-none-linux-gnueabi/4.9.1/crtend.o

.data.rel.ro
 *(.data.rel.ro.local* .gnu.linkonce.d.rel.ro.local.*)
 *(.data.rel.ro .data.rel.ro.* .gnu.linkonce.d.rel.ro.*)

.dynamic        0x00010638      0x108
 *(.dynamic)
 .dynamic       0x00010638      0x108 /home/uzair/mgc/embedded/codebench/bin/../arm-none-linux-gnueabi/libc/usr/lib/crt1.o
                0x00010638                _DYNAMIC
                0x00010740                . = DATA_SEGMENT_RELRO_END (., 0x0)

.got            0x00010740       0x20
 *(.got.plt)
 .got.plt       0x00010740       0x1c /home/uzair/mgc/embedded/codebench/bin/../arm-none-linux-gnueabi/libc/usr/lib/crt1.o
                0x00010740                _GLOBAL_OFFSET_TABLE_
 *(.igot.plt)
 .igot.plt      0x00000000        0x0 /home/uzair/mgc/embedded/codebench/bin/../arm-none-linux-gnueabi/libc/usr/lib/crt1.o
 *(.got)
 .got           0x0001075c        0x4 /home/uzair/mgc/embedded/codebench/bin/../arm-none-linux-gnueabi/libc/usr/lib/crt1.o
 *(.igot)

.data           0x00010760        0x8
                0x00010760                PROVIDE (__data_start, .)
 *(.data .data.* .gnu.linkonce.d.*)
 .data          0x00010760        0x4 /home/uzair/mgc/embedded/codebench/bin/../arm-none-linux-gnueabi/libc/usr/lib/crt1.o
                0x00010760                data_start
                0x00010760                __data_start
 .data          0x00010764        0x0 /home/uzair/mgc/embedded/codebench/bin/../arm-none-linux-gnueabi/libc/usr/lib/crti.o
 .data          0x00010764        0x4 /home/uzair/mgc/embedded/codebench/bin/../lib/gcc/arm-none-linux-gnueabi/4.9.1/crtbegin.o
                0x00010764                __dso_handle
 .data          0x00010768        0x0 /home/uzair/huawei_workspace/projects_repo/sourcery_workspace/hello_world/Debug/main.o
 .data          0x00010768        0x0 /home/uzair/mgc/embedded/codebench/bin/../arm-none-linux-gnueabi/libc/usr/lib/libc_nonshared.a(elf-init.oS)
 .data          0x00010768        0x0 /home/uzair/mgc/embedded/codebench/bin/../lib/gcc/arm-none-linux-gnueabi/4.9.1/crtend.o
 .data          0x00010768        0x0 /home/uzair/mgc/embedded/codebench/bin/../arm-none-linux-gnueabi/libc/usr/lib/crtn.o

.tm_clone_table
                0x00010768        0x0
 .tm_clone_table
                0x00010768        0x0 /home/uzair/mgc/embedded/codebench/bin/../lib/gcc/arm-none-linux-gnueabi/4.9.1/crtbegin.o
 .tm_clone_table
                0x00010768        0x0 /home/uzair/mgc/embedded/codebench/bin/../lib/gcc/arm-none-linux-gnueabi/4.9.1/crtend.o

.data1
 *(.data1)
                0x00010768                _edata = .
                0x00010768                PROVIDE (edata, .)
                0x00010768                . = .
                0x00010768                __bss_start = .
                0x00010768                __bss_start__ = .

.bss            0x00010768        0x4
 *(.dynbss)
 .dynbss        0x00000000        0x0 /home/uzair/mgc/embedded/codebench/bin/../arm-none-linux-gnueabi/libc/usr/lib/crt1.o
 *(.bss .bss.* .gnu.linkonce.b.*)
 .bss           0x00010768        0x0 /home/uzair/mgc/embedded/codebench/bin/../arm-none-linux-gnueabi/libc/usr/lib/crt1.o
 .bss           0x00010768        0x0 /home/uzair/mgc/embedded/codebench/bin/../arm-none-linux-gnueabi/libc/usr/lib/crti.o
 .bss           0x00010768        0x1 /home/uzair/mgc/embedded/codebench/bin/../lib/gcc/arm-none-linux-gnueabi/4.9.1/crtbegin.o
 .bss           0x00010769        0x0 /home/uzair/huawei_workspace/projects_repo/sourcery_workspace/hello_world/Debug/main.o
 .bss           0x00010769        0x0 /home/uzair/mgc/embedded/codebench/bin/../arm-none-linux-gnueabi/libc/usr/lib/libc_nonshared.a(elf-init.oS)
 .bss           0x00010769        0x0 /home/uzair/mgc/embedded/codebench/bin/../lib/gcc/arm-none-linux-gnueabi/4.9.1/crtend.o
 .bss           0x00010769        0x0 /home/uzair/mgc/embedded/codebench/bin/../arm-none-linux-gnueabi/libc/usr/lib/crtn.o
 *(COMMON)
                0x0001076c                . = ALIGN ((. != 0x0)?0x4:0x1)
 *fill*         0x00010769        0x3 
                0x0001076c                _bss_end__ = .
                0x0001076c                __bss_end__ = .
                0x0001076c                . = ALIGN (0x4)
                0x0001076c                . = SEGMENT_START ("ldata-segment", .)
                0x0001076c                . = ALIGN (0x4)
                0x0001076c                __end__ = .
                0x0001076c                _end = .
                0x0001076c                PROVIDE (end, .)
                0x0001076c                . = DATA_SEGMENT_END (.)

.stab
 *(.stab)

.stabstr
 *(.stabstr)

.stab.excl
 *(.stab.excl)

.stab.exclstr
 *(.stab.exclstr)

.stab.index
 *(.stab.index)

.stab.indexstr
 *(.stab.indexstr)

.comment        0x00000000       0x2b
 *(.comment)
 .comment       0x00000000       0x2b /home/uzair/huawei_workspace/projects_repo/sourcery_workspace/hello_world/Debug/main.o
                                 0x2c (size before relaxing)

.ARM.attributes
                0x00000000       0x39
 .ARM.attributes
                0x00000000       0x2b /home/uzair/mgc/embedded/codebench/bin/../arm-none-linux-gnueabi/libc/usr/lib/crt1.o
 .ARM.attributes
                0x0000002b       0x1f /home/uzair/mgc/embedded/codebench/bin/../arm-none-linux-gnueabi/libc/usr/lib/crti.o
 .ARM.attributes
                0x0000004a       0x2b /home/uzair/mgc/embedded/codebench/bin/../lib/gcc/arm-none-linux-gnueabi/4.9.1/crtbegin.o
 .ARM.attributes
                0x00000075       0x39 /home/uzair/huawei_workspace/projects_repo/sourcery_workspace/hello_world/Debug/main.o
 .ARM.attributes
                0x000000ae       0x2d /home/uzair/mgc/embedded/codebench/bin/../arm-none-linux-gnueabi/libc/usr/lib/libc_nonshared.a(elf-init.oS)
 .ARM.attributes
                0x000000db       0x2b /home/uzair/mgc/embedded/codebench/bin/../lib/gcc/arm-none-linux-gnueabi/4.9.1/crtend.o
 .ARM.attributes
                0x00000106       0x1f /home/uzair/mgc/embedded/codebench/bin/../arm-none-linux-gnueabi/libc/usr/lib/crtn.o

.debug
 *(.debug)

.line
 *(.line)

.debug_srcinfo
 *(.debug_srcinfo)

.debug_sfnames
 *(.debug_sfnames)

.debug_aranges  0x00000000       0xd0
 *(.debug_aranges)
 .debug_aranges
                0x00000000       0x38 /home/uzair/mgc/embedded/codebench/bin/../arm-none-linux-gnueabi/libc/usr/lib/crt1.o
 .debug_aranges
                0x00000038       0x30 /home/uzair/mgc/embedded/codebench/bin/../arm-none-linux-gnueabi/libc/usr/lib/crti.o
 .debug_aranges
                0x00000068       0x20 /home/uzair/huawei_workspace/projects_repo/sourcery_workspace/hello_world/Debug/main.o
 .debug_aranges
                0x00000088       0x20 /home/uzair/mgc/embedded/codebench/bin/../arm-none-linux-gnueabi/libc/usr/lib/libc_nonshared.a(elf-init.oS)
 .debug_aranges
                0x000000a8       0x28 /home/uzair/mgc/embedded/codebench/bin/../arm-none-linux-gnueabi/libc/usr/lib/crtn.o

.debug_pubnames
 *(.debug_pubnames)

.debug_info     0x00000000      0x3a7
 *(.debug_info .gnu.linkonce.wi.*)
 .debug_info    0x00000000       0xff /home/uzair/mgc/embedded/codebench/bin/../arm-none-linux-gnueabi/libc/usr/lib/crt1.o
 .debug_info    0x000000ff       0x72 /home/uzair/mgc/embedded/codebench/bin/../arm-none-linux-gnueabi/libc/usr/lib/crti.o
 .debug_info    0x00000171       0x93 /home/uzair/huawei_workspace/projects_repo/sourcery_workspace/hello_world/Debug/main.o
 .debug_info    0x00000204      0x131 /home/uzair/mgc/embedded/codebench/bin/../arm-none-linux-gnueabi/libc/usr/lib/libc_nonshared.a(elf-init.oS)
 .debug_info    0x00000335       0x72 /home/uzair/mgc/embedded/codebench/bin/../arm-none-linux-gnueabi/libc/usr/lib/crtn.o

.debug_abbrev   0x00000000      0x1c8
 *(.debug_abbrev)
 .debug_abbrev  0x00000000       0x52 /home/uzair/mgc/embedded/codebench/bin/../arm-none-linux-gnueabi/libc/usr/lib/crt1.o
 .debug_abbrev  0x00000052       0x12 /home/uzair/mgc/embedded/codebench/bin/../arm-none-linux-gnueabi/libc/usr/lib/crti.o
 .debug_abbrev  0x00000064       0x45 /home/uzair/huawei_workspace/projects_repo/sourcery_workspace/hello_world/Debug/main.o
 .debug_abbrev  0x000000a9      0x10d /home/uzair/mgc/embedded/codebench/bin/../arm-none-linux-gnueabi/libc/usr/lib/libc_nonshared.a(elf-init.oS)
 .debug_abbrev  0x000001b6       0x12 /home/uzair/mgc/embedded/codebench/bin/../arm-none-linux-gnueabi/libc/usr/lib/crtn.o

.debug_line     0x00000000      0x47e
 *(.debug_line .debug_line.* .debug_line_end)
 .debug_line    0x00000000       0x80 /home/uzair/mgc/embedded/codebench/bin/../arm-none-linux-gnueabi/libc/usr/lib/crt1.o
 .debug_line    0x00000080       0x6c /home/uzair/mgc/embedded/codebench/bin/../arm-none-linux-gnueabi/libc/usr/lib/crti.o
 .debug_line    0x000000ec      0x29a /home/uzair/huawei_workspace/projects_repo/sourcery_workspace/hello_world/Debug/main.o
 .debug_line    0x00000386       0xa4 /home/uzair/mgc/embedded/codebench/bin/../arm-none-linux-gnueabi/libc/usr/lib/libc_nonshared.a(elf-init.oS)
 .debug_line    0x0000042a       0x54 /home/uzair/mgc/embedded/codebench/bin/../arm-none-linux-gnueabi/libc/usr/lib/crtn.o

.debug_frame    0x00000000       0x70
 *(.debug_frame)
 .debug_frame   0x00000000       0x2c /home/uzair/huawei_workspace/projects_repo/sourcery_workspace/hello_world/Debug/main.o
 .debug_frame   0x0000002c       0x44 /home/uzair/mgc/embedded/codebench/bin/../arm-none-linux-gnueabi/libc/usr/lib/libc_nonshared.a(elf-init.oS)

.debug_str      0x00000000     0x4c79
 *(.debug_str)
 .debug_str     0x00000000      0x310 /home/uzair/mgc/embedded/codebench/bin/../arm-none-linux-gnueabi/libc/usr/lib/crt1.o
                                0x3a0 (size before relaxing)
 .debug_str     0x00000310     0x463f /home/uzair/huawei_workspace/projects_repo/sourcery_workspace/hello_world/Debug/main.o
                               0x4728 (size before relaxing)
 .debug_str     0x0000494f      0x32a /home/uzair/mgc/embedded/codebench/bin/../arm-none-linux-gnueabi/libc/usr/lib/libc_nonshared.a(elf-init.oS)
                                0x380 (size before relaxing)

.debug_loc      0x00000000       0x91
 *(.debug_loc)
 .debug_loc     0x00000000       0x91 /home/uzair/mgc/embedded/codebench/bin/../arm-none-linux-gnueabi/libc/usr/lib/libc_nonshared.a(elf-init.oS)

.debug_macinfo
 *(.debug_macinfo)

.debug_weaknames
 *(.debug_weaknames)

.debug_funcnames
 *(.debug_funcnames)

.debug_typenames
 *(.debug_typenames)

.debug_varnames
 *(.debug_varnames)

.debug_pubtypes
 *(.debug_pubtypes)

.debug_ranges   0x00000000       0x60
 *(.debug_ranges)
 .debug_ranges  0x00000000       0x28 /home/uzair/mgc/embedded/codebench/bin/../arm-none-linux-gnueabi/libc/usr/lib/crti.o
 .debug_ranges  0x00000028       0x18 /home/uzair/mgc/embedded/codebench/bin/../arm-none-linux-gnueabi/libc/usr/lib/libc_nonshared.a(elf-init.oS)
 .debug_ranges  0x00000040       0x20 /home/uzair/mgc/embedded/codebench/bin/../arm-none-linux-gnueabi/libc/usr/lib/crtn.o

.debug_macro    0x00000000     0x1250
 *(.debug_macro)
 .debug_macro   0x00000000       0xed /home/uzair/huawei_workspace/projects_repo/sourcery_workspace/hello_world/Debug/main.o
 .debug_macro   0x000000ed      0x886 /home/uzair/huawei_workspace/projects_repo/sourcery_workspace/hello_world/Debug/main.o
 .debug_macro   0x00000973       0x16 /home/uzair/huawei_workspace/projects_repo/sourcery_workspace/hello_world/Debug/main.o
 .debug_macro   0x00000989      0x16b /home/uzair/huawei_workspace/projects_repo/sourcery_workspace/hello_world/Debug/main.o
 .debug_macro   0x00000af4      0x16f /home/uzair/huawei_workspace/projects_repo/sourcery_workspace/hello_world/Debug/main.o
 .debug_macro   0x00000c63       0x35 /home/uzair/huawei_workspace/projects_repo/sourcery_workspace/hello_world/Debug/main.o
 .debug_macro   0x00000c98       0x70 /home/uzair/huawei_workspace/projects_repo/sourcery_workspace/hello_world/Debug/main.o
 .debug_macro   0x00000d08       0x10 /home/uzair/huawei_workspace/projects_repo/sourcery_workspace/hello_world/Debug/main.o
 .debug_macro   0x00000d18       0x97 /home/uzair/huawei_workspace/projects_repo/sourcery_workspace/hello_world/Debug/main.o
 .debug_macro   0x00000daf       0x5e /home/uzair/huawei_workspace/projects_repo/sourcery_workspace/hello_world/Debug/main.o
 .debug_macro   0x00000e0d       0xd6 /home/uzair/huawei_workspace/projects_repo/sourcery_workspace/hello_world/Debug/main.o
 .debug_macro   0x00000ee3       0x2e /home/uzair/huawei_workspace/projects_repo/sourcery_workspace/hello_world/Debug/main.o
 .debug_macro   0x00000f11       0x16 /home/uzair/huawei_workspace/projects_repo/sourcery_workspace/hello_world/Debug/main.o
 .debug_macro   0x00000f27       0x20 /home/uzair/huawei_workspace/projects_repo/sourcery_workspace/hello_world/Debug/main.o
 .debug_macro   0x00000f47       0x1e /home/uzair/huawei_workspace/projects_repo/sourcery_workspace/hello_world/Debug/main.o
 .debug_macro   0x00000f65       0x28 /home/uzair/huawei_workspace/projects_repo/sourcery_workspace/hello_world/Debug/main.o
 .debug_macro   0x00000f8d       0x58 /home/uzair/huawei_workspace/projects_repo/sourcery_workspace/hello_world/Debug/main.o
 .debug_macro   0x00000fe5       0x10 /home/uzair/huawei_workspace/projects_repo/sourcery_workspace/hello_world/Debug/main.o
 .debug_macro   0x00000ff5      0x1c2 /home/uzair/huawei_workspace/projects_repo/sourcery_workspace/hello_world/Debug/main.o
 .debug_macro   0x000011b7       0x4a /home/uzair/huawei_workspace/projects_repo/sourcery_workspace/hello_world/Debug/main.o
 .debug_macro   0x00001201       0x28 /home/uzair/huawei_workspace/projects_repo/sourcery_workspace/hello_world/Debug/main.o
 .debug_macro   0x00001229       0x27 /home/uzair/huawei_workspace/projects_repo/sourcery_workspace/hello_world/Debug/main.o

.gnu.attributes
 *(.gnu.attributes)

.note.gnu.arm.ident
 *(.note.gnu.arm.ident)

/DISCARD/
 *(.note.GNU-stack)
 *(.gnu_debuglink)
 *(.gnu.lto_*)
OUTPUT(hello_world elf32-littlearm)
