Archive member included to satisfy reference by file (symbol)

/home/uzair/mgc/embedded/codebench/bin/../arm-none-linux-gnueabi/libc/usr/lib/libc_nonshared.a(elf-init.oS)
                              /home/uzair/mgc/embedded/codebench/bin/../arm-none-linux-gnueabi/libc/usr/lib/crt1.o (__libc_csu_init)

As-needed library included to satisfy reference by file (symbol)

libgcc_s.so.1                 /home/uzair/mgc/embedded/codebench/bin/../lib/gcc/arm-none-linux-gnueabi/4.9.1/crtbegin.o (__aeabi_unwind_cpp_pr0@@GCC_3.5)

Discarded input sections

 .rodata.cst4   0x00000000        0x4 /home/uzair/mgc/embedded/codebench/bin/../arm-none-linux-gnueabi/libc/usr/lib/crt1.o
 .ARM.extab     0x00000000        0x0 /home/uzair/mgc/embedded/codebench/bin/../arm-none-linux-gnueabi/libc/usr/lib/crt1.o
 .data          0x00000000        0x4 /home/uzair/mgc/embedded/codebench/bin/../arm-none-linux-gnueabi/libc/usr/lib/crt1.o
 .bss           0x00000000        0x0 /home/uzair/mgc/embedded/codebench/bin/../arm-none-linux-gnueabi/libc/usr/lib/crt1.o
 .note.GNU-stack
                0x00000000        0x0 /home/uzair/mgc/embedded/codebench/bin/../arm-none-linux-gnueabi/libc/usr/lib/crt1.o
 .data          0x00000000        0x0 /home/uzair/mgc/embedded/codebench/bin/../arm-none-linux-gnueabi/libc/usr/lib/crti.o
 .bss           0x00000000        0x0 /home/uzair/mgc/embedded/codebench/bin/../arm-none-linux-gnueabi/libc/usr/lib/crti.o
 .note.GNU-stack
                0x00000000        0x0 /home/uzair/mgc/embedded/codebench/bin/../arm-none-linux-gnueabi/libc/usr/lib/crti.o
 .data          0x00000000        0x4 /home/uzair/mgc/embedded/codebench/bin/../lib/gcc/arm-none-linux-gnueabi/4.9.1/crtbegin.o
 .note.GNU-stack
                0x00000000        0x0 /home/uzair/mgc/embedded/codebench/bin/../lib/gcc/arm-none-linux-gnueabi/4.9.1/crtbegin.o
 .group         0x00000000        0x8 ./main.o
 .group         0x00000000        0x8 ./main.o
 .group         0x00000000        0x8 ./main.o
 .group         0x00000000        0x8 ./main.o
 .group         0x00000000        0x8 ./main.o
 .group         0x00000000        0x8 ./main.o
 .group         0x00000000        0x8 ./main.o
 .group         0x00000000        0x8 ./main.o
 .group         0x00000000        0x8 ./main.o
 .group         0x00000000        0x8 ./main.o
 .group         0x00000000        0x8 ./main.o
 .group         0x00000000        0x8 ./main.o
 .group         0x00000000        0x8 ./main.o
 .group         0x00000000        0x8 ./main.o
 .group         0x00000000        0x8 ./main.o
 .group         0x00000000        0x8 ./main.o
 .group         0x00000000        0x8 ./main.o
 .group         0x00000000        0x8 ./main.o
 .group         0x00000000        0x8 ./main.o
 .group         0x00000000        0x8 ./main.o
 .group         0x00000000        0x8 ./main.o
 .group         0x00000000        0x8 ./main.o
 .group         0x00000000        0x8 ./main.o
 .group         0x00000000        0x8 ./main.o
 .group         0x00000000        0x8 ./main.o
 .group         0x00000000        0x8 ./main.o
 .group         0x00000000        0x8 ./main.o
 .group         0x00000000        0x8 ./main.o
 .group         0x00000000        0x8 ./main.o
 .group         0x00000000        0x8 ./main.o
 .group         0x00000000        0x8 ./main.o
 .group         0x00000000        0x8 ./main.o
 .group         0x00000000        0x8 ./main.o
 .group         0x00000000        0x8 ./main.o
 .group         0x00000000        0x8 ./main.o
 .group         0x00000000        0x8 ./main.o
 .group         0x00000000        0x8 ./main.o
 .group         0x00000000        0x8 ./main.o
 .group         0x00000000        0x8 ./main.o
 .group         0x00000000        0x8 ./main.o
 .group         0x00000000        0x8 ./main.o
 .group         0x00000000        0x8 ./main.o
 .group         0x00000000        0x8 ./main.o
 .group         0x00000000        0x8 ./main.o
 .group         0x00000000        0x8 ./main.o
 .group         0x00000000        0x8 ./main.o
 .group         0x00000000        0x8 ./main.o
 .group         0x00000000        0x8 ./main.o
 .group         0x00000000        0x8 ./main.o
 .group         0x00000000        0x8 ./main.o
 .group         0x00000000        0x8 ./main.o
 .group         0x00000000        0x8 ./main.o
 .group         0x00000000        0x8 ./main.o
 .group         0x00000000        0x8 ./main.o
 .group         0x00000000        0x8 ./main.o
 .group         0x00000000        0x8 ./main.o
 .group         0x00000000        0x8 ./main.o
 .text          0x00000000        0x0 ./main.o
 .data          0x00000000        0x0 ./main.o
 .bss           0x00000000        0x0 ./main.o
 .note.GNU-stack
                0x00000000        0x0 ./main.o
 .data          0x00000000        0x0 /home/uzair/mgc/embedded/codebench/bin/../arm-none-linux-gnueabi/libc/usr/lib/libc_nonshared.a(elf-init.oS)
 .bss           0x00000000        0x0 /home/uzair/mgc/embedded/codebench/bin/../arm-none-linux-gnueabi/libc/usr/lib/libc_nonshared.a(elf-init.oS)
 .ARM.extab     0x00000000        0x0 /home/uzair/mgc/embedded/codebench/bin/../arm-none-linux-gnueabi/libc/usr/lib/libc_nonshared.a(elf-init.oS)
 .note.GNU-stack
                0x00000000        0x0 /home/uzair/mgc/embedded/codebench/bin/../arm-none-linux-gnueabi/libc/usr/lib/libc_nonshared.a(elf-init.oS)
 .text          0x00000000        0x0 /home/uzair/mgc/embedded/codebench/bin/../lib/gcc/arm-none-linux-gnueabi/4.9.1/crtend.o
 .data          0x00000000        0x0 /home/uzair/mgc/embedded/codebench/bin/../lib/gcc/arm-none-linux-gnueabi/4.9.1/crtend.o
 .bss           0x00000000        0x0 /home/uzair/mgc/embedded/codebench/bin/../lib/gcc/arm-none-linux-gnueabi/4.9.1/crtend.o
 .note.GNU-stack
                0x00000000        0x0 /home/uzair/mgc/embedded/codebench/bin/../lib/gcc/arm-none-linux-gnueabi/4.9.1/crtend.o
 .text          0x00000000        0x0 /home/uzair/mgc/embedded/codebench/bin/../arm-none-linux-gnueabi/libc/usr/lib/crtn.o
 .data          0x00000000        0x0 /home/uzair/mgc/embedded/codebench/bin/../arm-none-linux-gnueabi/libc/usr/lib/crtn.o
 .bss           0x00000000        0x0 /home/uzair/mgc/embedded/codebench/bin/../arm-none-linux-gnueabi/libc/usr/lib/crtn.o
 .note.GNU-stack
                0x00000000        0x0 /home/uzair/mgc/embedded/codebench/bin/../arm-none-linux-gnueabi/libc/usr/lib/crtn.o

Memory Configuration

Name             Origin             Length             Attributes
*default*        0x00000000         0xffffffff

Linker script and memory map

LOAD /home/uzair/mgc/embedded/codebench/bin/../arm-none-linux-gnueabi/libc/usr/lib/crt1.o
LOAD /home/uzair/mgc/embedded/codebench/bin/../arm-none-linux-gnueabi/libc/usr/lib/crti.o
LOAD /home/uzair/mgc/embedded/codebench/bin/../lib/gcc/arm-none-linux-gnueabi/4.9.1/crtbegin.o
LOAD ./main.o
LOAD /home/uzair/mgc/embedded/codebench/bin/../lib/gcc/arm-none-linux-gnueabi/4.9.1/libgcc.a
LOAD /home/uzair/mgc/embedded/codebench/bin/../arm-none-linux-gnueabi/libc/lib/libgcc_s.so
START GROUP
LOAD /home/uzair/mgc/embedded/codebench/bin/../arm-none-linux-gnueabi/libc/lib/libgcc_s.so.1
LOAD /home/uzair/mgc/embedded/codebench/bin/../lib/gcc/arm-none-linux-gnueabi/4.9.1/libgcc.a
END GROUP
LOAD /home/uzair/mgc/embedded/codebench/bin/../arm-none-linux-gnueabi/libc/usr/lib/libc.so
START GROUP
LOAD /home/uzair/mgc/embedded/codebench/bin/../arm-none-linux-gnueabi/libc/lib/libc.so.6
LOAD /home/uzair/mgc/embedded/codebench/bin/../arm-none-linux-gnueabi/libc/usr/lib/libc_nonshared.a
LOAD /home/uzair/mgc/embedded/codebench/bin/../arm-none-linux-gnueabi/libc/lib/ld-linux.so.3
END GROUP
LOAD /home/uzair/mgc/embedded/codebench/bin/../lib/gcc/arm-none-linux-gnueabi/4.9.1/libgcc.a
LOAD /home/uzair/mgc/embedded/codebench/bin/../arm-none-linux-gnueabi/libc/lib/libgcc_s.so
START GROUP
LOAD /home/uzair/mgc/embedded/codebench/bin/../arm-none-linux-gnueabi/libc/lib/libgcc_s.so.1
LOAD /home/uzair/mgc/embedded/codebench/bin/../lib/gcc/arm-none-linux-gnueabi/4.9.1/libgcc.a
END GROUP
LOAD /home/uzair/mgc/embedded/codebench/bin/../lib/gcc/arm-none-linux-gnueabi/4.9.1/crtend.o
LOAD /home/uzair/mgc/embedded/codebench/bin/../arm-none-linux-gnueabi/libc/usr/lib/crtn.o
                0x00008000                PROVIDE (__executable_start, 0x8000)
                0x00008134                . = (0x8000 + SIZEOF_HEADERS)

.interp         0x00008134       0x13
 *(.interp)
 .interp        0x00008134       0x13 /home/uzair/mgc/embedded/codebench/bin/../arm-none-linux-gnueabi/libc/usr/lib/crt1.o

.note.ABI-tag   0x00008148       0x20
 .note.ABI-tag  0x00008148       0x20 /home/uzair/mgc/embedded/codebench/bin/../arm-none-linux-gnueabi/libc/usr/lib/crt1.o

.note.gnu.build-id
 *(.note.gnu.build-id)

.hash           0x00008168       0x58
 *(.hash)
 .hash          0x00008168       0x58 /home/uzair/mgc/embedded/codebench/bin/../arm-none-linux-gnueabi/libc/usr/lib/crt1.o

.gnu.hash
 *(.gnu.hash)

.dynsym         0x000081c0      0x110
 *(.dynsym)
 .dynsym        0x000081c0      0x110 /home/uzair/mgc/embedded/codebench/bin/../arm-none-linux-gnueabi/libc/usr/lib/crt1.o

.dynstr         0x000082d0       0xf9
 *(.dynstr)
 .dynstr        0x000082d0       0xf9 /home/uzair/mgc/embedded/codebench/bin/../arm-none-linux-gnueabi/libc/usr/lib/crt1.o

.gnu.version    0x000083ca       0x22
 *(.gnu.version)
 .gnu.version   0x000083ca       0x22 /home/uzair/mgc/embedded/codebench/bin/../arm-none-linux-gnueabi/libc/usr/lib/crt1.o

.gnu.version_d  0x000083ec        0x0
 *(.gnu.version_d)
 .gnu.version_d
                0x00000000        0x0 /home/uzair/mgc/embedded/codebench/bin/../arm-none-linux-gnueabi/libc/usr/lib/crt1.o

.gnu.version_r  0x000083ec       0x40
 *(.gnu.version_r)
 .gnu.version_r
                0x000083ec       0x40 /home/uzair/mgc/embedded/codebench/bin/../arm-none-linux-gnueabi/libc/usr/lib/crt1.o

.rel.dyn        0x0000842c        0x8
 *(.rel.init)
 *(.rel.text .rel.text.* .rel.gnu.linkonce.t.*)
 *(.rel.fini)
 *(.rel.rodata .rel.rodata.* .rel.gnu.linkonce.r.*)
 *(.rel.data.rel.ro .rel.data.rel.ro.* .rel.gnu.linkonce.d.rel.ro.*)
 *(.rel.data .rel.data.* .rel.gnu.linkonce.d.*)
 *(.rel.tdata .rel.tdata.* .rel.gnu.linkonce.td.*)
 *(.rel.tbss .rel.tbss.* .rel.gnu.linkonce.tb.*)
 *(.rel.ctors)
 *(.rel.dtors)
 *(.rel.got)
 .rel.got       0x0000842c        0x8 /home/uzair/mgc/embedded/codebench/bin/../arm-none-linux-gnueabi/libc/usr/lib/crt1.o
 *(.rel.bss .rel.bss.* .rel.gnu.linkonce.b.*)
 .rel.bss       0x00000000        0x0 /home/uzair/mgc/embedded/codebench/bin/../arm-none-linux-gnueabi/libc/usr/lib/crt1.o
                0x00008434                PROVIDE (__rel_iplt_start, .)
 *(.rel.iplt)
 .rel.iplt      0x00000000        0x0 /home/uzair/mgc/embedded/codebench/bin/../arm-none-linux-gnueabi/libc/usr/lib/crt1.o
                0x00008434                PROVIDE (__rel_iplt_end, .)
                0x00008434                PROVIDE (__rela_iplt_start, .)
                0x00008434                PROVIDE (__rela_iplt_end, .)

.rela.dyn       0x00008434        0x0
 *(.rela.init)
 *(.rela.text .rela.text.* .rela.gnu.linkonce.t.*)
 *(.rela.fini)
 *(.rela.rodata .rela.rodata.* .rela.gnu.linkonce.r.*)
 *(.rela.data .rela.data.* .rela.gnu.linkonce.d.*)
 *(.rela.tdata .rela.tdata.* .rela.gnu.linkonce.td.*)
 *(.rela.tbss .rela.tbss.* .rela.gnu.linkonce.tb.*)
 *(.rela.ctors)
 *(.rela.dtors)
 *(.rela.got)
 *(.rela.bss .rela.bss.* .rela.gnu.linkonce.b.*)
                0x00008434                PROVIDE (__rel_iplt_start, .)
                0x00008434                PROVIDE (__rel_iplt_end, .)
                0x00008434                PROVIDE (__rela_iplt_start, .)
 *(.rela.iplt)
                0x00008434                PROVIDE (__rela_iplt_end, .)

.rel.plt        0x00008434       0x58
 *(.rel.plt)
 .rel.plt       0x00008434       0x58 /home/uzair/mgc/embedded/codebench/bin/../arm-none-linux-gnueabi/libc/usr/lib/crt1.o

.rela.plt
 *(.rela.plt)

.init           0x0000848c        0xc
 *(SORT(.init))
 .init          0x0000848c        0x8 /home/uzair/mgc/embedded/codebench/bin/../arm-none-linux-gnueabi/libc/usr/lib/crti.o
                0x0000848c                _init
 .init          0x00008494        0x4 /home/uzair/mgc/embedded/codebench/bin/../arm-none-linux-gnueabi/libc/usr/lib/crtn.o

.plt            0x00008498       0x98
 *(.plt)
 .plt           0x00008498       0x98 /home/uzair/mgc/embedded/codebench/bin/../arm-none-linux-gnueabi/libc/usr/lib/crt1.o
                0x000084ac                perror@@GLIBC_2.4
                0x000084b8                puts@@GLIBC_2.4
                0x000084c4                malloc@@GLIBC_2.4
                0x000084d0                __libc_start_main@@GLIBC_2.4
                0x000084e8                open@@GLIBC_2.4
                0x000084f4                exit@@GLIBC_2.4
                0x00008500                mmap@@GLIBC_2.4
                0x0000850c                munmap@@GLIBC_2.4
                0x00008518                abort@@GLIBC_2.4
                0x00008524                close@@GLIBC_2.4

.iplt           0x00008530        0x0
 *(.iplt)
 .iplt          0x00000000        0x0 /home/uzair/mgc/embedded/codebench/bin/../arm-none-linux-gnueabi/libc/usr/lib/crt1.o

.text           0x00008530      0x2ac
 *(.text.unlikely .text.*_unlikely .text.unlikely.*)
 *(.text.exit .text.exit.*)
 *(.text.startup .text.startup.*)
 *(.text.hot .text.hot.*)
 *(.text .stub .text.* .gnu.linkonce.t.*)
 .text          0x00008530       0x3c /home/uzair/mgc/embedded/codebench/bin/../arm-none-linux-gnueabi/libc/usr/lib/crt1.o
                0x00008530                _start
 .text          0x0000856c       0x24 /home/uzair/mgc/embedded/codebench/bin/../arm-none-linux-gnueabi/libc/usr/lib/crti.o
 .text          0x00008590       0xc8 /home/uzair/mgc/embedded/codebench/bin/../lib/gcc/arm-none-linux-gnueabi/4.9.1/crtbegin.o
 .text.main     0x00008658      0x120 ./main.o
                0x00008658                main
 .text          0x00008778       0x64 /home/uzair/mgc/embedded/codebench/bin/../arm-none-linux-gnueabi/libc/usr/lib/libc_nonshared.a(elf-init.oS)
                0x00008778                __libc_csu_init
                0x000087d8                __libc_csu_fini
 *(.gnu.warning)
 *(.glue_7t)
 .glue_7t       0x00000000        0x0 linker stubs
 *(.glue_7)
 .glue_7        0x00000000        0x0 linker stubs
 *(.vfp11_veneer)
 .vfp11_veneer  0x00000000        0x0 linker stubs
 *(.v4_bx)
 .v4_bx         0x00000000        0x0 linker stubs

.fini           0x000087dc        0x8
 *(SORT(.fini))
 .fini          0x000087dc        0x4 /home/uzair/mgc/embedded/codebench/bin/../arm-none-linux-gnueabi/libc/usr/lib/crti.o
                0x000087dc                _fini
 .fini          0x000087e0        0x4 /home/uzair/mgc/embedded/codebench/bin/../arm-none-linux-gnueabi/libc/usr/lib/crtn.o
                0x000087e4                PROVIDE (__etext, .)
                0x000087e4                PROVIDE (_etext, .)
                0x000087e4                PROVIDE (etext, .)

.rodata         0x000087e4       0x88
 *(.rodata .rodata.* .gnu.linkonce.r.*)
 .rodata        0x000087e4       0x88 ./main.o

.rodata1
 *(.rodata1)

.ARM.extab      0x0000886c       0x18
 *(.ARM.extab* .gnu.linkonce.armextab.*)
 .ARM.extab     0x0000886c        0xc /home/uzair/mgc/embedded/codebench/bin/../lib/gcc/arm-none-linux-gnueabi/4.9.1/crtbegin.o
 .ARM.extab.text.main
                0x00008878        0xc ./main.o
                0x00008884                PROVIDE (__exidx_start, .)

.ARM.exidx      0x00008884       0x40
 *(.ARM.exidx* .gnu.linkonce.armexidx.*)
 .ARM.exidx     0x00008884        0x8 /home/uzair/mgc/embedded/codebench/bin/../arm-none-linux-gnueabi/libc/usr/lib/crt1.o
 .ARM.exidx     0x0000888c       0x18 /home/uzair/mgc/embedded/codebench/bin/../lib/gcc/arm-none-linux-gnueabi/4.9.1/crtbegin.o
                                 0x20 (size before relaxing)
 .ARM.exidx.text.main
                0x000088a4        0x8 ./main.o
 .ARM.exidx     0x000088ac       0x18 /home/uzair/mgc/embedded/codebench/bin/../arm-none-linux-gnueabi/libc/usr/lib/libc_nonshared.a(elf-init.oS)
                                 0x10 (size before relaxing)
                0x000088c4                PROVIDE (__exidx_end, .)

.eh_frame_hdr
 *(.eh_frame_hdr)
 *(.eh_frame_entry .eh_frame_entry.*)

.eh_frame       0x000088c4        0x4
 *(.eh_frame)
 .eh_frame      0x000088c4        0x4 /home/uzair/mgc/embedded/codebench/bin/../lib/gcc/arm-none-linux-gnueabi/4.9.1/crtend.o
 *(.eh_frame.*)

.gcc_except_table
 *(.gcc_except_table .gcc_except_table.*)

.gnu_extab
 *(.gnu_extab*)

.exception_ranges
 *(.exception_ranges .exception_ranges*)
                0x000088c8                . = (ALIGN (0x8000) - ((0x8000 - .) & 0x7fff))
                0x000108c8                . = DATA_SEGMENT_ALIGN (0x8000, 0x1000)

.eh_frame
 *(.eh_frame)
 *(.eh_frame.*)

.gnu_extab
 *(.gnu_extab)

.gcc_except_table
 *(.gcc_except_table .gcc_except_table.*)

.exception_ranges
 *(.exception_ranges .exception_ranges*)

.tdata
 *(.tdata .tdata.* .gnu.linkonce.td.*)

.tbss
 *(.tbss .tbss.* .gnu.linkonce.tb.*)
 *(.tcommon)

.preinit_array  0x000108c8        0x0
                0x000108c8                PROVIDE (__preinit_array_start, .)
 *(.preinit_array)
                0x000108c8                PROVIDE (__preinit_array_end, .)

.init_array     0x000108c8        0x4
                0x000108c8                PROVIDE (__init_array_start, .)
 *(SORT(.init_array.*))
 *(.init_array)
 .init_array    0x000108c8        0x4 /home/uzair/mgc/embedded/codebench/bin/../lib/gcc/arm-none-linux-gnueabi/4.9.1/crtbegin.o
                0x000108cc                PROVIDE (__init_array_end, .)

.fini_array     0x000108cc        0x4
                0x000108cc                PROVIDE (__fini_array_start, .)
 *(SORT(.fini_array.*))
 *(.fini_array)
 .fini_array    0x000108cc        0x4 /home/uzair/mgc/embedded/codebench/bin/../lib/gcc/arm-none-linux-gnueabi/4.9.1/crtbegin.o
                0x000108d0                PROVIDE (__fini_array_end, .)

.ctors
 *crtbegin.o(.ctors)
 *crtbegin?.o(.ctors)
 *(EXCLUDE_FILE(*crtend?.o *crtend.o) .ctors)
 *(SORT(.ctors.*))
 *(.ctors)

.dtors
 *crtbegin.o(.dtors)
 *crtbegin?.o(.dtors)
 *(EXCLUDE_FILE(*crtend?.o *crtend.o) .dtors)
 *(SORT(.dtors.*))
 *(.dtors)

.jcr            0x000108d0        0x4
 *(.jcr)
 .jcr           0x000108d0        0x0 /home/uzair/mgc/embedded/codebench/bin/../lib/gcc/arm-none-linux-gnueabi/4.9.1/crtbegin.o
 .jcr           0x000108d0        0x4 /home/uzair/mgc/embedded/codebench/bin/../lib/gcc/arm-none-linux-gnueabi/4.9.1/crtend.o

.data.rel.ro
 *(.data.rel.ro.local* .gnu.linkonce.d.rel.ro.local.*)
 *(.data.rel.ro .data.rel.ro.* .gnu.linkonce.d.rel.ro.*)

.dynamic        0x000108d4       0xf0
 *(.dynamic)
 .dynamic       0x000108d4       0xf0 /home/uzair/mgc/embedded/codebench/bin/../arm-none-linux-gnueabi/libc/usr/lib/crt1.o
                0x000108d4                _DYNAMIC
                0x000109c4                . = DATA_SEGMENT_RELRO_END (., 0x0)

.got            0x000109c4       0x3c
 *(.got.plt)
 .got.plt       0x000109c4       0x38 /home/uzair/mgc/embedded/codebench/bin/../arm-none-linux-gnueabi/libc/usr/lib/crt1.o
                0x000109c4                _GLOBAL_OFFSET_TABLE_
 *(.igot.plt)
 .igot.plt      0x00000000        0x0 /home/uzair/mgc/embedded/codebench/bin/../arm-none-linux-gnueabi/libc/usr/lib/crt1.o
 *(.got)
 .got           0x000109fc        0x4 /home/uzair/mgc/embedded/codebench/bin/../arm-none-linux-gnueabi/libc/usr/lib/crt1.o
 *(.igot)

.data           0x00010a00        0x0
                0x00010a00                PROVIDE (__data_start, .)
 *(.data .data.* .gnu.linkonce.d.*)

.tm_clone_table
                0x00010a00        0x0
 .tm_clone_table
                0x00010a00        0x0 /home/uzair/mgc/embedded/codebench/bin/../lib/gcc/arm-none-linux-gnueabi/4.9.1/crtbegin.o
 .tm_clone_table
                0x00010a00        0x0 /home/uzair/mgc/embedded/codebench/bin/../lib/gcc/arm-none-linux-gnueabi/4.9.1/crtend.o

.data1
 *(.data1)
                0x00010a00                _edata = .
                0x00010a00                PROVIDE (edata, .)
                0x00010a00                . = .
                0x00010a00                __bss_start = .
                0x00010a00                __bss_start__ = .

.bss            0x00010a00        0x4
 *(.dynbss)
 .dynbss        0x00000000        0x0 /home/uzair/mgc/embedded/codebench/bin/../arm-none-linux-gnueabi/libc/usr/lib/crt1.o
 *(.bss .bss.* .gnu.linkonce.b.*)
 .bss           0x00010a00        0x1 /home/uzair/mgc/embedded/codebench/bin/../lib/gcc/arm-none-linux-gnueabi/4.9.1/crtbegin.o
 *(COMMON)
                0x00010a04                . = ALIGN ((. != 0x0)?0x4:0x1)
 *fill*         0x00010a01        0x3 
                0x00010a04                _bss_end__ = .
                0x00010a04                __bss_end__ = .
                0x00010a04                . = ALIGN (0x4)
                0x00010a04                . = SEGMENT_START ("ldata-segment", .)
                0x00010a04                . = ALIGN (0x4)
                0x00010a04                __end__ = .
                0x00010a04                _end = .
                0x00010a04                PROVIDE (end, .)
                0x00010a04                . = DATA_SEGMENT_END (.)

.stab
 *(.stab)

.stabstr
 *(.stabstr)

.stab.excl
 *(.stab.excl)

.stab.exclstr
 *(.stab.exclstr)

.stab.index
 *(.stab.index)

.stab.indexstr
 *(.stab.indexstr)

.comment        0x00000000       0x2b
 *(.comment)
 .comment       0x00000000       0x2b ./main.o
                                 0x2c (size before relaxing)

.ARM.attributes
                0x00000000       0x39
 .ARM.attributes
                0x00000000       0x2b /home/uzair/mgc/embedded/codebench/bin/../arm-none-linux-gnueabi/libc/usr/lib/crt1.o
 .ARM.attributes
                0x0000002b       0x1f /home/uzair/mgc/embedded/codebench/bin/../arm-none-linux-gnueabi/libc/usr/lib/crti.o
 .ARM.attributes
                0x0000004a       0x2b /home/uzair/mgc/embedded/codebench/bin/../lib/gcc/arm-none-linux-gnueabi/4.9.1/crtbegin.o
 .ARM.attributes
                0x00000075       0x39 ./main.o
 .ARM.attributes
                0x000000ae       0x2d /home/uzair/mgc/embedded/codebench/bin/../arm-none-linux-gnueabi/libc/usr/lib/libc_nonshared.a(elf-init.oS)
 .ARM.attributes
                0x000000db       0x2b /home/uzair/mgc/embedded/codebench/bin/../lib/gcc/arm-none-linux-gnueabi/4.9.1/crtend.o
 .ARM.attributes
                0x00000106       0x1f /home/uzair/mgc/embedded/codebench/bin/../arm-none-linux-gnueabi/libc/usr/lib/crtn.o

.debug
 *(.debug)

.line
 *(.line)

.debug_srcinfo
 *(.debug_srcinfo)

.debug_sfnames
 *(.debug_sfnames)

.debug_aranges  0x00000000       0xd0
 *(.debug_aranges)
 .debug_aranges
                0x00000000       0x38 /home/uzair/mgc/embedded/codebench/bin/../arm-none-linux-gnueabi/libc/usr/lib/crt1.o
 .debug_aranges
                0x00000038       0x30 /home/uzair/mgc/embedded/codebench/bin/../arm-none-linux-gnueabi/libc/usr/lib/crti.o
 .debug_aranges
                0x00000068       0x20 ./main.o
 .debug_aranges
                0x00000088       0x20 /home/uzair/mgc/embedded/codebench/bin/../arm-none-linux-gnueabi/libc/usr/lib/libc_nonshared.a(elf-init.oS)
 .debug_aranges
                0x000000a8       0x28 /home/uzair/mgc/embedded/codebench/bin/../arm-none-linux-gnueabi/libc/usr/lib/crtn.o

.debug_pubnames
 *(.debug_pubnames)

.debug_info     0x00000000      0x41e
 *(.debug_info .gnu.linkonce.wi.*)
 .debug_info    0x00000000       0xff /home/uzair/mgc/embedded/codebench/bin/../arm-none-linux-gnueabi/libc/usr/lib/crt1.o
 .debug_info    0x000000ff       0x72 /home/uzair/mgc/embedded/codebench/bin/../arm-none-linux-gnueabi/libc/usr/lib/crti.o
 .debug_info    0x00000171      0x10a ./main.o
 .debug_info    0x0000027b      0x131 /home/uzair/mgc/embedded/codebench/bin/../arm-none-linux-gnueabi/libc/usr/lib/libc_nonshared.a(elf-init.oS)
 .debug_info    0x000003ac       0x72 /home/uzair/mgc/embedded/codebench/bin/../arm-none-linux-gnueabi/libc/usr/lib/crtn.o

.debug_abbrev   0x00000000      0x225
 *(.debug_abbrev)
 .debug_abbrev  0x00000000       0x52 /home/uzair/mgc/embedded/codebench/bin/../arm-none-linux-gnueabi/libc/usr/lib/crt1.o
 .debug_abbrev  0x00000052       0x12 /home/uzair/mgc/embedded/codebench/bin/../arm-none-linux-gnueabi/libc/usr/lib/crti.o
 .debug_abbrev  0x00000064       0xa2 ./main.o
 .debug_abbrev  0x00000106      0x10d /home/uzair/mgc/embedded/codebench/bin/../arm-none-linux-gnueabi/libc/usr/lib/libc_nonshared.a(elf-init.oS)
 .debug_abbrev  0x00000213       0x12 /home/uzair/mgc/embedded/codebench/bin/../arm-none-linux-gnueabi/libc/usr/lib/crtn.o

.debug_line     0x00000000      0x5df
 *(.debug_line .debug_line.* .debug_line_end)
 .debug_line    0x00000000       0x80 /home/uzair/mgc/embedded/codebench/bin/../arm-none-linux-gnueabi/libc/usr/lib/crt1.o
 .debug_line    0x00000080       0x6c /home/uzair/mgc/embedded/codebench/bin/../arm-none-linux-gnueabi/libc/usr/lib/crti.o
 .debug_line    0x000000ec      0x3fb ./main.o
 .debug_line    0x000004e7       0xa4 /home/uzair/mgc/embedded/codebench/bin/../arm-none-linux-gnueabi/libc/usr/lib/libc_nonshared.a(elf-init.oS)
 .debug_line    0x0000058b       0x54 /home/uzair/mgc/embedded/codebench/bin/../arm-none-linux-gnueabi/libc/usr/lib/crtn.o

.debug_frame    0x00000000       0x74
 *(.debug_frame)
 .debug_frame   0x00000000       0x30 ./main.o
 .debug_frame   0x00000030       0x44 /home/uzair/mgc/embedded/codebench/bin/../arm-none-linux-gnueabi/libc/usr/lib/libc_nonshared.a(elf-init.oS)

.debug_str      0x00000000     0x7457
 *(.debug_str)
 .debug_str     0x00000000      0x310 /home/uzair/mgc/embedded/codebench/bin/../arm-none-linux-gnueabi/libc/usr/lib/crt1.o
                                0x3a0 (size before relaxing)
 .debug_str     0x00000310     0x6e27 ./main.o
                               0x6f7c (size before relaxing)
 .debug_str     0x00007137      0x320 /home/uzair/mgc/embedded/codebench/bin/../arm-none-linux-gnueabi/libc/usr/lib/libc_nonshared.a(elf-init.oS)
                                0x380 (size before relaxing)

.debug_loc      0x00000000       0x91
 *(.debug_loc)
 .debug_loc     0x00000000       0x91 /home/uzair/mgc/embedded/codebench/bin/../arm-none-linux-gnueabi/libc/usr/lib/libc_nonshared.a(elf-init.oS)

.debug_macinfo
 *(.debug_macinfo)

.debug_weaknames
 *(.debug_weaknames)

.debug_funcnames
 *(.debug_funcnames)

.debug_typenames
 *(.debug_typenames)

.debug_varnames
 *(.debug_varnames)

.debug_pubtypes
 *(.debug_pubtypes)

.debug_ranges   0x00000000       0x70
 *(.debug_ranges)
 .debug_ranges  0x00000000       0x28 /home/uzair/mgc/embedded/codebench/bin/../arm-none-linux-gnueabi/libc/usr/lib/crti.o
 .debug_ranges  0x00000028       0x10 ./main.o
 .debug_ranges  0x00000038       0x18 /home/uzair/mgc/embedded/codebench/bin/../arm-none-linux-gnueabi/libc/usr/lib/libc_nonshared.a(elf-init.oS)
 .debug_ranges  0x00000050       0x20 /home/uzair/mgc/embedded/codebench/bin/../arm-none-linux-gnueabi/libc/usr/lib/crtn.o

.debug_macro    0x00000000     0x203c
 *(.debug_macro)
 .debug_macro   0x00000000      0x28b ./main.o
 .debug_macro   0x0000028b      0x88c ./main.o
 .debug_macro   0x00000b17       0x16 ./main.o
 .debug_macro   0x00000b2d      0x26e ./main.o
 .debug_macro   0x00000d9b      0x16f ./main.o
 .debug_macro   0x00000f0a       0x35 ./main.o
 .debug_macro   0x00000f3f       0x70 ./main.o
 .debug_macro   0x00000faf       0x10 ./main.o
 .debug_macro   0x00000fbf       0x97 ./main.o
 .debug_macro   0x00001056       0x5e ./main.o
 .debug_macro   0x000010b4       0xd6 ./main.o
 .debug_macro   0x0000118a       0x2e ./main.o
 .debug_macro   0x000011b8       0x16 ./main.o
 .debug_macro   0x000011ce       0x20 ./main.o
 .debug_macro   0x000011ee       0x1e ./main.o
 .debug_macro   0x0000120c       0x28 ./main.o
 .debug_macro   0x00001234       0x58 ./main.o
 .debug_macro   0x0000128c       0x10 ./main.o
 .debug_macro   0x0000129c      0x1c2 ./main.o
 .debug_macro   0x0000145e       0x5e ./main.o
 .debug_macro   0x000014bc       0x2e ./main.o
 .debug_macro   0x000014ea       0x27 ./main.o
 .debug_macro   0x00001511       0x16 ./main.o
 .debug_macro   0x00001527       0x97 ./main.o
 .debug_macro   0x000015be       0x3a ./main.o
 .debug_macro   0x000015f8       0x4c ./main.o
 .debug_macro   0x00001644       0x1c ./main.o
 .debug_macro   0x00001660       0x28 ./main.o
 .debug_macro   0x00001688       0x10 ./main.o
 .debug_macro   0x00001698       0x10 ./main.o
 .debug_macro   0x000016a8       0x4c ./main.o
 .debug_macro   0x000016f4       0x22 ./main.o
 .debug_macro   0x00001716       0x62 ./main.o
 .debug_macro   0x00001778       0x6d ./main.o
 .debug_macro   0x000017e5       0x3a ./main.o
 .debug_macro   0x0000181f       0x19 ./main.o
 .debug_macro   0x00001838       0x12 ./main.o
 .debug_macro   0x0000184a       0x20 ./main.o
 .debug_macro   0x0000186a       0x1c ./main.o
 .debug_macro   0x00001886       0x10 ./main.o
 .debug_macro   0x00001896       0x16 ./main.o
 .debug_macro   0x000018ac       0x28 ./main.o
 .debug_macro   0x000018d4       0x10 ./main.o
 .debug_macro   0x000018e4       0x46 ./main.o
 .debug_macro   0x0000192a       0x1c ./main.o
 .debug_macro   0x00001946       0x20 ./main.o
 .debug_macro   0x00001966       0x59 ./main.o
 .debug_macro   0x000019bf       0x10 ./main.o
 .debug_macro   0x000019cf       0x10 ./main.o
 .debug_macro   0x000019df       0x1c ./main.o
 .debug_macro   0x000019fb       0x10 ./main.o
 .debug_macro   0x00001a0b      0x2d8 ./main.o
 .debug_macro   0x00001ce3       0x22 ./main.o
 .debug_macro   0x00001d05       0xe6 ./main.o
 .debug_macro   0x00001deb      0x107 ./main.o
 .debug_macro   0x00001ef2       0x10 ./main.o
 .debug_macro   0x00001f02       0x3a ./main.o
 .debug_macro   0x00001f3c      0x100 ./main.o

.gnu.attributes
 *(.gnu.attributes)

.note.gnu.arm.ident
 *(.note.gnu.arm.ident)

/DISCARD/
 *(.note.GNU-stack)
 *(.gnu_debuglink)
 *(.gnu.lto_*)
OUTPUT(startup_app.elf elf32-littlearm)
